Archive member included to satisfy reference by file (symbol)

third_party/libopencm3/lib/libopencm3_stm32f1.a(adc.o)
                              bin/drivers/board_io.o (adc_power_on)
third_party/libopencm3/lib/libopencm3_stm32f1.a(adc_common_v1.o)
                              bin/drivers/board_io.o (adc_power_off)
third_party/libopencm3/lib/libopencm3_stm32f1.a(exti_common_all.o)
                              bin/drivers/board_io.o (exti_set_trigger)
third_party/libopencm3/lib/libopencm3_stm32f1.a(gpio.o)
                              bin/drivers/uart_comm.o (gpio_set_mode)
third_party/libopencm3/lib/libopencm3_stm32f1.a(gpio_common_all.o)
                              bin/drivers/uart_comm.o (gpio_set)
third_party/libopencm3/lib/libopencm3_stm32f1.a(rcc.o)
                              bin/drivers/board_io.o (rcc_set_adcpre)
third_party/libopencm3/lib/libopencm3_stm32f1.a(rcc_common_all.o)
                              bin/platform/system_init.o (rcc_periph_clock_enable)
third_party/libopencm3/lib/libopencm3_stm32f1.a(timer_common_all.o)
                              bin/drivers/board_io.o (timer_enable_irq)
third_party/libopencm3/lib/libopencm3_stm32f1.a(usart_common_all.o)
                              bin/drivers/uart_comm.o (usart_set_baudrate)
third_party/libopencm3/lib/libopencm3_stm32f1.a(usart_common_f124.o)
                              third_party/libopencm3/lib/libopencm3_stm32f1.a(usart_common_all.o) (usart_send)
third_party/libopencm3/lib/libopencm3_stm32f1.a(vector.o)
                              (reset_handler)
third_party/libopencm3/lib/libopencm3_stm32f1.a(nvic.o)
                              bin/drivers/uart_comm.o (nvic_enable_irq)
third_party/libopencm3/lib/libopencm3_stm32f1.a(assert.o)
                              third_party/libopencm3/lib/libopencm3_stm32f1.a(rcc.o) (cm3_assert_failed)
third_party/libopencm3/lib/libopencm3_stm32f1.a(flash_common_all.o)
                              third_party/libopencm3/lib/libopencm3_stm32f1.a(rcc.o) (flash_set_ws)
/usr/lib/gcc/arm-none-eabi/13.2.1/../../../arm-none-eabi/lib/thumb/v7-m/nofp/libc_nano.a(libc_a-strlen-stub.o)
                              bin/protocol/protocol.o (strlen)
/usr/lib/gcc/arm-none-eabi/13.2.1/../../../arm-none-eabi/lib/thumb/v7-m/nofp/libc_nano.a(libc_a-memset.o)
                              bin/app/command_box.o (memset)
/usr/lib/gcc/arm-none-eabi/13.2.1/../../../arm-none-eabi/lib/thumb/v7-m/nofp/libc_nano.a(libc_a-memcpy.o)
                              bin/protocol/protocol.o (memcpy)
/usr/lib/gcc/arm-none-eabi/13.2.1/../../../arm-none-eabi/lib/thumb/v7-m/nofp/libc_nano.a(libc_a-strncmp.o)
                              bin/protocol/protocol.o (strncmp)
/usr/lib/gcc/arm-none-eabi/13.2.1/../../../arm-none-eabi/lib/thumb/v7-m/nofp/libc_nano.a(libc_a-strcmp.o)
                              bin/app/command_box.o (strcmp)
/usr/lib/gcc/arm-none-eabi/13.2.1/../../../arm-none-eabi/lib/thumb/v7-m/nofp/libc_nano.a(libc_a-snprintf.o)
                              bin/app/command_box.o (snprintf)
/usr/lib/gcc/arm-none-eabi/13.2.1/../../../arm-none-eabi/lib/thumb/v7-m/nofp/libc_nano.a(libc_a-impure.o)
                              /usr/lib/gcc/arm-none-eabi/13.2.1/../../../arm-none-eabi/lib/thumb/v7-m/nofp/libc_nano.a(libc_a-snprintf.o) (_impure_ptr)
/usr/lib/gcc/arm-none-eabi/13.2.1/../../../arm-none-eabi/lib/thumb/v7-m/nofp/libc_nano.a(libc_a-nano-svfprintf.o)
                              /usr/lib/gcc/arm-none-eabi/13.2.1/../../../arm-none-eabi/lib/thumb/v7-m/nofp/libc_nano.a(libc_a-snprintf.o) (_svfprintf_r)
/usr/lib/gcc/arm-none-eabi/13.2.1/../../../arm-none-eabi/lib/thumb/v7-m/nofp/libc_nano.a(libc_a-mallocr.o)
                              /usr/lib/gcc/arm-none-eabi/13.2.1/../../../arm-none-eabi/lib/thumb/v7-m/nofp/libc_nano.a(libc_a-nano-svfprintf.o) (_malloc_r)
/usr/lib/gcc/arm-none-eabi/13.2.1/../../../arm-none-eabi/lib/thumb/v7-m/nofp/libc_nano.a(libc_a-freer.o)
                              /usr/lib/gcc/arm-none-eabi/13.2.1/../../../arm-none-eabi/lib/thumb/v7-m/nofp/libc_nano.a(libc_a-nano-svfprintf.o) (_free_r)
/usr/lib/gcc/arm-none-eabi/13.2.1/../../../arm-none-eabi/lib/thumb/v7-m/nofp/libc_nano.a(libc_a-memmove.o)
                              /usr/lib/gcc/arm-none-eabi/13.2.1/../../../arm-none-eabi/lib/thumb/v7-m/nofp/libc_nano.a(libc_a-nano-svfprintf.o) (memmove)
/usr/lib/gcc/arm-none-eabi/13.2.1/../../../arm-none-eabi/lib/thumb/v7-m/nofp/libc_nano.a(libc_a-reallocr.o)
                              /usr/lib/gcc/arm-none-eabi/13.2.1/../../../arm-none-eabi/lib/thumb/v7-m/nofp/libc_nano.a(libc_a-nano-svfprintf.o) (_realloc_r)
/usr/lib/gcc/arm-none-eabi/13.2.1/../../../arm-none-eabi/lib/thumb/v7-m/nofp/libc_nano.a(libc_a-nano-vfprintf_i.o)
                              /usr/lib/gcc/arm-none-eabi/13.2.1/../../../arm-none-eabi/lib/thumb/v7-m/nofp/libc_nano.a(libc_a-nano-svfprintf.o) (_printf_i)
/usr/lib/gcc/arm-none-eabi/13.2.1/../../../arm-none-eabi/lib/thumb/v7-m/nofp/libc_nano.a(libc_a-mlock.o)
[...]
Memory Configuration

Name             Origin             Length             Attributes
rom              0x08000000         0x00010000         xr
ram              0x20000000         0x00005000         xrw
*default*        0x00000000         0xffffffff

Linker script and memory map

LOAD bin/main.o
LOAD bin/platform/system_init.o
LOAD bin/drivers/uart_comm.o
LOAD bin/drivers/board_io.o
LOAD bin/protocol/protocol.o
LOAD bin/protocol/parser.o
LOAD bin/app/command_box.o
LOAD bin/app/signals.o
LOAD bin/app/tasks.o
LOAD bin/freertos/list.o
LOAD bin/freertos/queue.o
LOAD bin/freertos/tasks.o
LOAD bin/freertos/portable/GCC/ARM_CM3/port.o
LOAD bin/freertos/heap_4.o
LOAD third_party/libopencm3/lib/libopencm3_stm32f1.a
LOAD third_party/libopencm3/lib/libopencm3_stm32f1.a
LOAD /usr/lib/gcc/arm-none-eabi/13.2.1/../../../arm-none-eabi/lib/thumb/v7-m/nofp/libc_nano.a
LOAD /usr/lib/gcc/arm-none-eabi/13.2.1/thumb/v7-m/nofp/libgcc.a
LOAD /usr/lib/gcc/arm-none-eabi/13.2.1/../../../arm-none-eabi/lib/thumb/v7-m/nofp/libnosys.a
                0x20005000                        _stack = (ORIGIN (ram) + LENGTH (ram))

.text           0x08000000     0x5b19
 *(.vectors)
 .vectors       0x08000000      0x150 third_party/libopencm3/lib/libopencm3_stm32f1.a(vector.o)
                0x08000000                vector_table
 *(.text*)
 .text.main     0x08000150       0x24 bin/main.o
                0x08000150                main
 .text.system_init_board
                0x08000174       0x10 bin/platform/system_init.o
                0x08000174                system_init_board
 .text.uart_comm_set_rx_queue
                0x08000184       0x1c bin/drivers/uart_comm.o
                0x08000184                uart_comm_set_rx_queue
 .text.uart_comm_init
                0x080001a0       0x94 bin/drivers/uart_comm.o
                0x080001a0                uart_comm_init
 .text.uart_comm_send_bytes
                0x08000234       0x44 bin/drivers/uart_comm.o
                0x08000234                uart_comm_send_bytes
 .text.usart1_isr
                0x08000278       0x90 bin/drivers/uart_comm.o
                0x08000278                usart1_isr
 .text.adc_setup
                0x08000308       0x80 bin/drivers/board_io.o
 .text.led_pwm_setup
                0x08000388       0x88 bin/drivers/board_io.o
 .text.buzzer_pwm_setup
                0x08000410       0x78 bin/drivers/board_io.o
 .text.timebase_setup
                0x08000488       0x54 bin/drivers/board_io.o
 .text.button_setup
                0x080004dc       0x44 bin/drivers/board_io.o
 .text.board_io_init
                0x08000520       0x1c bin/drivers/board_io.o
                0x08000520                board_io_init
 .text.board_io_set_button_queue
                0x0800053c       0x1c bin/drivers/board_io.o
                0x0800053c                board_io_set_button_queue
 .text.board_io_get_param
                0x08000558       0x34 bin/drivers/board_io.o
                0x08000558                board_io_get_param
 .text.board_io_set_led_duty
                0x0800058c       0x40 bin/drivers/board_io.o
                0x0800058c                board_io_set_led_duty
 .text.board_io_set_buzzer
                0x080005cc       0x2c bin/drivers/board_io.o
                0x080005cc                board_io_set_buzzer
 .text.board_io_get_uptime_ms
                0x080005f8       0x14 bin/drivers/board_io.o
                0x080005f8                board_io_get_uptime_ms
 .text.exti1_isr
                0x0800060c       0x34 bin/drivers/board_io.o
                0x0800060c                exti1_isr
 .text.tim3_isr
                0x08000640      0x11c bin/drivers/board_io.o
                0x08000640                tim3_isr
 .text.nibble_to_hex
                0x0800075c       0x28 bin/protocol/protocol.o
 .text.protocol_type_is_valid
                0x08000784       0x20 bin/protocol/protocol.o
 .text.payload_is_valid
                0x080007a4       0x56 bin/protocol/protocol.o
 .text.hex_char_to_nibble
                0x080007fa       0x3c bin/protocol/protocol.o
                0x080007fa                hex_char_to_nibble
 .text.protocol_checksum
                0x08000836       0x46 bin/protocol/protocol.o
                0x08000836                protocol_checksum
 .text.protocol_compute_checksum
                0x0800087c       0x1c bin/protocol/protocol.o
                0x0800087c                protocol_compute_checksum
 .text.protocol_type_to_text
                0x08000898       0x70 bin/protocol/protocol.o
                0x08000898                protocol_type_to_text
 .text.protocol_type_from_text
                0x08000908       0xbc bin/protocol/protocol.o
                0x08000908                protocol_type_from_text
 .text.protocol_message_set
                0x080009c4       0x8e bin/protocol/protocol.o
                0x080009c4                protocol_message_set
 .text.protocol_encode_frame
                0x08000a52      0x246 bin/protocol/protocol.o
                0x08000a52                protocol_encode_frame
 .text.protocol_decode_body
                0x08000c98       0xca bin/protocol/protocol.o
                0x08000c98                protocol_decode_body
 .text.is_hex_digit
                0x08000d62       0x36 bin/protocol/parser.o
 .text.hex_pair_to_value
                0x08000d98       0x3c bin/protocol/parser.o
 .text.is_body_byte_allowed
                0x08000dd4       0x30 bin/protocol/parser.o
 .text.parser_fail
                0x08000e04       0x28 bin/protocol/parser.o
 .text.parser_reset
                0x08000e2c       0x60 bin/protocol/parser.o
                0x08000e2c                parser_reset
 .text.parser_init
                0x08000e8c       0x16 bin/protocol/parser.o
                0x08000e8c                parser_init
 *fill*         0x08000ea2        0x2 
 .text.parser_consume_byte
                0x08000ea4      0x318 bin/protocol/parser.o
                0x08000ea4                parser_consume_byte
 .text.cbox_mode_to_evt_payload
                0x080011bc       0x30 bin/app/command_box.o
                0x080011bc                cbox_mode_to_evt_payload
 .text.cbox_mode_to_sts_payload
                0x080011ec       0x30 bin/app/command_box.o
                0x080011ec                cbox_mode_to_sts_payload
 .text.cbox_mode_beep_count
                0x0800121c       0x28 bin/app/command_box.o
                0x0800121c                cbox_mode_beep_count
 .text.cbox_init
                0x08001244       0x38 bin/app/command_box.o
                0x08001244                cbox_init
 .text.cbox_emit
                0x0800127c       0x2c bin/app/command_box.o
 .text.cbox_on_button
                0x080012a8       0xb8 bin/app/command_box.o
                0x080012a8                cbox_on_button
 .text.cbox_on_message
                0x08001360       0x64 bin/app/command_box.o
                0x08001360                cbox_on_message
 .text.cbox_on_tick
                0x080013c4       0x84 bin/app/command_box.o
                0x080013c4                cbox_on_tick
 .text.signals_init
                0x08001448       0x40 bin/app/signals.o
                0x08001448                signals_init
 .text.signals_enter_mode
                0x08001488       0x56 bin/app/signals.o
                0x08001488                signals_enter_mode
 *fill*         0x080014de        0x2 
 .text.led_pattern_is_on
                0x080014e0       0xd4 bin/app/signals.o
 .text.signals_tick
                0x080015b4       0xd6 bin/app/signals.o
                0x080015b4                signals_tick
 *fill*         0x0800168a        0x2 
 .text.cbox_send_to_tx_queue
                0x0800168c       0x40 bin/app/tasks.o
 .text.signals_led_out
                0x080016cc       0x1c bin/app/tasks.o
 .text.signals_buzzer_out
                0x080016e8       0x1c bin/app/tasks.o
 .text.task_rx_parser
                0x08001704       0x8c bin/app/tasks.o
 .text.task_app
                0x08001790       0x98 bin/app/tasks.o
 .text.task_signals
                0x08001828       0x34 bin/app/tasks.o
 .text.task_uart_tx
                0x0800185c       0x50 bin/app/tasks.o
 .text.tasks_start
                0x080018ac      0x114 bin/app/tasks.o
                0x080018ac                tasks_start
 .text.vListInitialise
                0x080019c0       0x3e bin/freertos/list.o
                0x080019c0                vListInitialise
 .text.vListInitialiseItem
                0x080019fe       0x18 bin/freertos/list.o
                0x080019fe                vListInitialiseItem
 .text.vListInsert
                0x08001a16       0x70 bin/freertos/list.o
                0x08001a16                vListInsert
 .text.uxListRemove
                0x08001a86       0x52 bin/freertos/list.o
                0x08001a86                uxListRemove
 .text.xQueueGenericReset
                0x08001ad8      0x124 bin/freertos/queue.o
                0x08001ad8                xQueueGenericReset
 .text.xQueueGenericCreate
                0x08001bfc       0x9e bin/freertos/queue.o
                0x08001bfc                xQueueGenericCreate
 .text.prvInitialiseNewQueue
                0x08001c9a       0x3e bin/freertos/queue.o
 .text.xQueueGenericSend
                0x08001cd8      0x204 bin/freertos/queue.o
                0x08001cd8                xQueueGenericSend
 .text.xQueueGenericSendFromISR
                0x08001edc      0x16c bin/freertos/queue.o
                0x08001edc                xQueueGenericSendFromISR
 .text.xQueueReceive
                0x08002048      0x1c4 bin/freertos/queue.o
                0x08002048                xQueueReceive
 .text.prvCopyDataToQueue
                0x0800220c       0xd4 bin/freertos/queue.o
 .text.prvCopyDataFromQueue
                0x080022e0       0x4c bin/freertos/queue.o
 .text.prvUnlockQueue
                0x0800232c       0xa4 bin/freertos/queue.o
 .text.prvIsQueueEmpty
                0x080023d0       0x2c bin/freertos/queue.o
 .text.prvIsQueueFull
                0x080023fc       0x30 bin/freertos/queue.o
 .text.prvCreateTask
                0x0800242c       0x78 bin/freertos/tasks.o
 .text.xTaskCreate
                0x080024a4       0x46 bin/freertos/tasks.o
                0x080024a4                xTaskCreate
 .text.prvInitialiseNewTask
                0x080024ea      0x110 bin/freertos/tasks.o
 *fill*         0x080025fa        0x2 
 .text.prvAddNewTaskToReadyList
                0x080025fc      0x128 bin/freertos/tasks.o
 .text.xTaskDelayUntil
                0x08002724      0x104 bin/freertos/tasks.o
                0x08002724                xTaskDelayUntil
 .text.vTaskDelay
                0x08002828       0x6c bin/freertos/tasks.o
                0x08002828                vTaskDelay
 .text.prvCreateIdleTasks
                0x08002894       0x94 bin/freertos/tasks.o
 .text.vTaskStartScheduler
                0x08002928       0x7c bin/freertos/tasks.o
                0x08002928                vTaskStartScheduler
 .text.vTaskSuspendAll
                0x080029a4       0x1c bin/freertos/tasks.o
                0x080029a4                vTaskSuspendAll
 .text.xTaskResumeAll
                0x080029c0      0x210 bin/freertos/tasks.o
                0x080029c0                xTaskResumeAll
 .text.xTaskGetTickCount
                0x08002bd0       0x1c bin/freertos/tasks.o
                0x08002bd0                xTaskGetTickCount
 .text.uxTaskGetNumberOfTasks
                0x08002bec       0x14 bin/freertos/tasks.o
                0x08002bec                uxTaskGetNumberOfTasks
 .text.xTaskIncrementTick
                0x08002c00      0x234 bin/freertos/tasks.o
                0x08002c00                xTaskIncrementTick
 .text.vTaskSwitchContext
                0x08002e34       0xb8 bin/freertos/tasks.o
                0x08002e34                vTaskSwitchContext
 .text.vTaskPlaceOnEventList
                0x08002eec       0x4c bin/freertos/tasks.o
                0x08002eec                vTaskPlaceOnEventList
 .text.xTaskRemoveFromEventList
                0x08002f38      0x1b0 bin/freertos/tasks.o
                0x08002f38                xTaskRemoveFromEventList
 .text.vTaskInternalSetTimeOutState
                0x080030e8       0x2c bin/freertos/tasks.o
                0x080030e8                vTaskInternalSetTimeOutState
 .text.xTaskCheckForTimeOut
                0x08003114       0xd0 bin/freertos/tasks.o
                0x08003114                xTaskCheckForTimeOut
 .text.vTaskMissedYield
                0x080031e4       0x18 bin/freertos/tasks.o
                0x080031e4                vTaskMissedYield
 .text.prvIdleTask
                0x080031fc       0x30 bin/freertos/tasks.o
 .text.prvInitialiseTaskLists
                0x0800322c       0x80 bin/freertos/tasks.o
 .text.prvCheckTasksWaitingTermination
                0x080032ac       0x5c bin/freertos/tasks.o
 .text.prvDeleteTCB
                0x08003308       0x20 bin/freertos/tasks.o
 .text.prvResetNextTaskUnblockTime
                0x08003328       0x34 bin/freertos/tasks.o
 .text.xTaskGetSchedulerState
                0x0800335c       0x3c bin/freertos/tasks.o
                0x0800335c                xTaskGetSchedulerState
 .text.xTaskPriorityDisinherit
                0x08003398      0x150 bin/freertos/tasks.o
                0x08003398                xTaskPriorityDisinherit
 .text.prvAddCurrentTaskToDelayedList
                0x080034e8      0x104 bin/freertos/tasks.o
 .text.pxPortInitialiseStack
                0x080035ec       0x58 bin/freertos/portable/GCC/ARM_CM3/port.o
                0x080035ec                pxPortInitialiseStack
 .text.prvTaskExitError
                0x08003644       0x58 bin/freertos/portable/GCC/ARM_CM3/port.o
 *fill*         0x0800369c        0x4 
 .text.sv_call_handler
                0x080036a0       0x28 bin/freertos/portable/GCC/ARM_CM3/port.o
                0x080036a0                sv_call_handler
 .text.prvPortStartFirstTask
                0x080036c8       0x24 bin/freertos/portable/GCC/ARM_CM3/port.o
 .text.xPortStartScheduler
                0x080036ec      0x17c bin/freertos/portable/GCC/ARM_CM3/port.o
                0x080036ec                xPortStartScheduler
 .text.vPortEnterCritical
                0x08003868       0x60 bin/freertos/portable/GCC/ARM_CM3/port.o
                0x08003868                vPortEnterCritical
 .text.vPortExitCritical
                0x080038c8       0x54 bin/freertos/portable/GCC/ARM_CM3/port.o
                0x080038c8                vPortExitCritical
 *fill*         0x0800391c        0x4 
 .text.pend_sv_handler
                0x08003920       0x48 bin/freertos/portable/GCC/ARM_CM3/port.o
                0x08003920                pend_sv_handler
 .text.sys_tick_handler
                0x08003968       0x44 bin/freertos/portable/GCC/ARM_CM3/port.o
                0x08003968                sys_tick_handler
 .text.vPortSetupTimerInterrupt
                0x080039ac       0x34 bin/freertos/portable/GCC/ARM_CM3/port.o
                0x080039ac                vPortSetupTimerInterrupt
 .text.vPortValidateInterruptPriority
                0x080039e0       0x80 bin/freertos/portable/GCC/ARM_CM3/port.o
                0x080039e0                vPortValidateInterruptPriority
 .text.pvPortMalloc
                0x08003a60      0x264 bin/freertos/heap_4.o
                0x08003a60                pvPortMalloc
 .text.vPortFree
                0x08003cc4       0xec bin/freertos/heap_4.o
                0x08003cc4                vPortFree
 .text.prvHeapInit
                0x08003db0       0xb4 bin/freertos/heap_4.o
 .text.prvInsertBlockIntoFreeList
                0x08003e64       0xf4 bin/freertos/heap_4.o
 .text.adc_power_on
                0x08003f58       0x10 third_party/libopencm3/lib/libopencm3_stm32f1.a(adc.o)
                0x08003f58                adc_power_on
 .text.adc_start_conversion_direct
                0x08003f68       0x10 third_party/libopencm3/lib/libopencm3_stm32f1.a(adc.o)
                0x08003f68                adc_start_conversion_direct
 .text.adc_reset_calibration
                0x08003f78       0x14 third_party/libopencm3/lib/libopencm3_stm32f1.a(adc.o)
                0x08003f78                adc_reset_calibration
 .text.adc_calibrate_async
                0x08003f8c        0xa third_party/libopencm3/lib/libopencm3_stm32f1.a(adc.o)
                0x08003f8c                adc_calibrate_async
 .text.adc_is_calibrating
                0x08003f96        0x8 third_party/libopencm3/lib/libopencm3_stm32f1.a(adc.o)
                0x08003f96                adc_is_calibrating
 .text.adc_calibrate
                0x08003f9e       0x14 third_party/libopencm3/lib/libopencm3_stm32f1.a(adc.o)
                0x08003f9e                adc_calibrate
 .text.adc_set_sample_time
                0x08003fb2       0x34 third_party/libopencm3/lib/libopencm3_stm32f1.a(adc.o)
                0x08003fb2                adc_set_sample_time
 .text.adc_power_off
                0x08003fe6        0xa third_party/libopencm3/lib/libopencm3_stm32f1.a(adc_common_v1.o)
                0x08003fe6                adc_power_off
 .text.adc_disable_scan_mode
                0x08003ff0        0xa third_party/libopencm3/lib/libopencm3_stm32f1.a(adc_common_v1.o)
                0x08003ff0                adc_disable_scan_mode
 .text.adc_eoc  0x08003ffa        0x8 third_party/libopencm3/lib/libopencm3_stm32f1.a(adc_common_v1.o)
                0x08003ffa                adc_eoc
 .text.adc_read_regular
                0x08004002        0x4 third_party/libopencm3/lib/libopencm3_stm32f1.a(adc_common_v1.o)
                0x08004002                adc_read_regular
 .text.adc_set_single_conversion_mode
                0x08004006        0xa third_party/libopencm3/lib/libopencm3_stm32f1.a(adc_common_v1.o)
                0x08004006                adc_set_single_conversion_mode
 .text.exti_set_trigger
                0x08004010       0x48 third_party/libopencm3/lib/libopencm3_stm32f1.a(exti_common_all.o)
                0x08004010                exti_set_trigger
 .text.exti_enable_request
                0x08004058       0x1c third_party/libopencm3/lib/libopencm3_stm32f1.a(exti_common_all.o)
                0x08004058                exti_enable_request
 .text.exti_reset_request
                0x08004074        0xc third_party/libopencm3/lib/libopencm3_stm32f1.a(exti_common_all.o)
                0x08004074                exti_reset_request
 .text.exti_select_source
                0x08004080       0xa0 third_party/libopencm3/lib/libopencm3_stm32f1.a(exti_common_all.o)
                0x08004080                exti_select_source
 .text.gpio_set_mode
                0x08004120       0x5e third_party/libopencm3/lib/libopencm3_stm32f1.a(gpio.o)
                0x08004120                gpio_set_mode
 .text.gpio_set
                0x0800417e        0x4 third_party/libopencm3/lib/libopencm3_stm32f1.a(gpio_common_all.o)
                0x0800417e                gpio_set
 .text.gpio_get
                0x08004182        0x6 third_party/libopencm3/lib/libopencm3_stm32f1.a(gpio_common_all.o)
                0x08004182                gpio_get
 .text.rcc_is_osc_ready
                0x08004188       0x58 third_party/libopencm3/lib/libopencm3_stm32f1.a(rcc.o)
                0x08004188                rcc_is_osc_ready
 .text.rcc_wait_for_osc_ready
                0x080041e0       0x10 third_party/libopencm3/lib/libopencm3_stm32f1.a(rcc.o)
                0x080041e0                rcc_wait_for_osc_ready
 .text.rcc_osc_on
                0x080041f0       0x60 third_party/libopencm3/lib/libopencm3_stm32f1.a(rcc.o)
                0x080041f0                rcc_osc_on
 .text.rcc_set_sysclk_source
                0x08004250       0x14 third_party/libopencm3/lib/libopencm3_stm32f1.a(rcc.o)
                0x08004250                rcc_set_sysclk_source
 .text.rcc_set_pll_multiplication_factor
                0x08004264       0x14 third_party/libopencm3/lib/libopencm3_stm32f1.a(rcc.o)
                0x08004264                rcc_set_pll_multiplication_factor
 .text.rcc_set_pll2_multiplication_factor
                0x08004278       0x14 third_party/libopencm3/lib/libopencm3_stm32f1.a(rcc.o)
                0x08004278                rcc_set_pll2_multiplication_factor
 .text.rcc_set_pll3_multiplication_factor
                0x0800428c       0x14 third_party/libopencm3/lib/libopencm3_stm32f1.a(rcc.o)
                0x0800428c                rcc_set_pll3_multiplication_factor
 .text.rcc_set_pll_source
                0x080042a0       0x14 third_party/libopencm3/lib/libopencm3_stm32f1.a(rcc.o)
                0x080042a0                rcc_set_pll_source
 .text.rcc_set_pllxtpre
                0x080042b4       0x14 third_party/libopencm3/lib/libopencm3_stm32f1.a(rcc.o)
                0x080042b4                rcc_set_pllxtpre
 .text.rcc_set_adcpre
                0x080042c8       0x14 third_party/libopencm3/lib/libopencm3_stm32f1.a(rcc.o)
                0x080042c8                rcc_set_adcpre
 .text.rcc_set_ppre2
                0x080042dc       0x14 third_party/libopencm3/lib/libopencm3_stm32f1.a(rcc.o)
                0x080042dc                rcc_set_ppre2
 .text.rcc_set_ppre1
                0x080042f0       0x14 third_party/libopencm3/lib/libopencm3_stm32f1.a(rcc.o)
                0x080042f0                rcc_set_ppre1
 .text.rcc_set_hpre
                0x08004304       0x14 third_party/libopencm3/lib/libopencm3_stm32f1.a(rcc.o)
                0x08004304                rcc_set_hpre
 .text.rcc_set_usbpre
                0x08004318       0x18 third_party/libopencm3/lib/libopencm3_stm32f1.a(rcc.o)
                0x08004318                rcc_set_usbpre
 .text.rcc_set_prediv1
                0x08004330       0x14 third_party/libopencm3/lib/libopencm3_stm32f1.a(rcc.o)
                0x08004330                rcc_set_prediv1
 .text.rcc_set_prediv2
                0x08004344       0x14 third_party/libopencm3/lib/libopencm3_stm32f1.a(rcc.o)
                0x08004344                rcc_set_prediv2
 .text.rcc_set_prediv1_source
                0x08004358       0x18 third_party/libopencm3/lib/libopencm3_stm32f1.a(rcc.o)
                0x08004358                rcc_set_prediv1_source
 .text.rcc_clock_setup_pll
                0x08004370       0xbc third_party/libopencm3/lib/libopencm3_stm32f1.a(rcc.o)
                0x08004370                rcc_clock_setup_pll
 .text.rcc_get_usart_clk_freq
                0x0800442c       0x1c third_party/libopencm3/lib/libopencm3_stm32f1.a(rcc.o)
                0x0800442c                rcc_get_usart_clk_freq
 .text.rcc_periph_clock_enable
                0x08004448       0x1a third_party/libopencm3/lib/libopencm3_stm32f1.a(rcc_common_all.o)
                0x08004448                rcc_periph_clock_enable
 .text.timer_enable_irq
                0x08004462        0x8 third_party/libopencm3/lib/libopencm3_stm32f1.a(timer_common_all.o)
                0x08004462                timer_enable_irq
 .text.timer_get_flag
                0x0800446a        0xc third_party/libopencm3/lib/libopencm3_stm32f1.a(timer_common_all.o)
                0x0800446a                timer_get_flag
 .text.timer_clear_flag
                0x08004476        0x6 third_party/libopencm3/lib/libopencm3_stm32f1.a(timer_common_all.o)
                0x08004476                timer_clear_flag
 .text.timer_set_mode
                0x0800447c       0x12 third_party/libopencm3/lib/libopencm3_stm32f1.a(timer_common_all.o)
                0x0800447c                timer_set_mode
 .text.timer_enable_preload
                0x0800448e        0xa third_party/libopencm3/lib/libopencm3_stm32f1.a(timer_common_all.o)
                0x0800448e                timer_enable_preload
 .text.timer_continuous_mode
                0x08004498        0xa third_party/libopencm3/lib/libopencm3_stm32f1.a(timer_common_all.o)
                0x08004498                timer_continuous_mode
 .text.timer_enable_counter
                0x080044a2        0xa third_party/libopencm3/lib/libopencm3_stm32f1.a(timer_common_all.o)
                0x080044a2                timer_enable_counter
 .text.timer_set_prescaler
                0x080044ac        0x4 third_party/libopencm3/lib/libopencm3_stm32f1.a(timer_common_all.o)
                0x080044ac                timer_set_prescaler
 .text.timer_set_period
                0x080044b0        0x4 third_party/libopencm3/lib/libopencm3_stm32f1.a(timer_common_all.o)
                0x080044b0                timer_set_period
 .text.timer_set_oc_mode
                0x080044b4      0x18c third_party/libopencm3/lib/libopencm3_stm32f1.a(timer_common_all.o)
                0x080044b4                timer_set_oc_mode
 .text.timer_enable_oc_output
                0x08004640       0x4a third_party/libopencm3/lib/libopencm3_stm32f1.a(timer_common_all.o)
                0x08004640                timer_enable_oc_output
 .text.timer_set_oc_value
                0x0800468a       0x20 third_party/libopencm3/lib/libopencm3_stm32f1.a(timer_common_all.o)
                0x0800468a                timer_set_oc_value
 .text.usart_set_baudrate
                0x080046aa       0x16 third_party/libopencm3/lib/libopencm3_stm32f1.a(usart_common_all.o)
                0x080046aa                usart_set_baudrate
 .text.usart_set_databits
                0x080046c0       0x12 third_party/libopencm3/lib/libopencm3_stm32f1.a(usart_common_all.o)
                0x080046c0                usart_set_databits
 .text.usart_set_stopbits
                0x080046d2        0xc third_party/libopencm3/lib/libopencm3_stm32f1.a(usart_common_all.o)
                0x080046d2                usart_set_stopbits
 .text.usart_set_parity
                0x080046de        0xc third_party/libopencm3/lib/libopencm3_stm32f1.a(usart_common_all.o)
                0x080046de                usart_set_parity
 .text.usart_set_mode
                0x080046ea        0xc third_party/libopencm3/lib/libopencm3_stm32f1.a(usart_common_all.o)
                0x080046ea                usart_set_mode
 .text.usart_set_flow_control
                0x080046f6        0xc third_party/libopencm3/lib/libopencm3_stm32f1.a(usart_common_all.o)
                0x080046f6                usart_set_flow_control
 .text.usart_enable
                0x08004702        0xa third_party/libopencm3/lib/libopencm3_stm32f1.a(usart_common_all.o)
                0x08004702                usart_enable
 .text.usart_send_blocking
                0x0800470c       0x16 third_party/libopencm3/lib/libopencm3_stm32f1.a(usart_common_all.o)
                0x0800470c                usart_send_blocking
 .text.usart_enable_rx_interrupt
                0x08004722        0xa third_party/libopencm3/lib/libopencm3_stm32f1.a(usart_common_all.o)
                0x08004722                usart_enable_rx_interrupt
 .text.usart_send
                0x0800472c        0x8 third_party/libopencm3/lib/libopencm3_stm32f1.a(usart_common_f124.o)
                0x0800472c                usart_send
 .text.usart_recv
                0x08004734        0x8 third_party/libopencm3/lib/libopencm3_stm32f1.a(usart_common_f124.o)
                0x08004734                usart_recv
 .text.usart_wait_send_ready
                0x0800473c        0x8 third_party/libopencm3/lib/libopencm3_stm32f1.a(usart_common_f124.o)
                0x0800473c                usart_wait_send_ready
 .text.usart_get_flag
                0x08004744        0xc third_party/libopencm3/lib/libopencm3_stm32f1.a(usart_common_f124.o)
                0x08004744                usart_get_flag
 .text.blocking_handler
                0x08004750        0x2 third_party/libopencm3/lib/libopencm3_stm32f1.a(vector.o)
                0x08004750                usart3_isr
                0x08004750                rtc_isr
                0x08004750                tim7_isr
                0x08004750                adc1_2_isr
                0x08004750                tim1_trg_com_isr
                0x08004750                usb_hp_can_tx_isr
                0x08004750                tim6_isr
                0x08004750                usb_wakeup_isr
                0x08004750                blocking_handler
                0x08004750                tim5_isr
                0x08004750                otg_fs_isr
                0x08004750                spi1_isr
                0x08004750                exti2_isr
                0x08004750                dma1_channel6_isr
                0x08004750                can_rx1_isr
                0x08004750                dma1_channel5_isr
                0x08004750                dma2_channel5_isr
                0x08004750                usage_fault_handler
                0x08004750                tim8_trg_com_isr
                0x08004750                can2_rx0_isr
                0x08004750                tim1_brk_isr
                0x08004750                can2_rx1_isr
                0x08004750                tim1_cc_isr
                0x08004750                sdio_isr
                0x08004750                eth_isr
                0x08004750                dma1_channel4_isr
                0x08004750                tim8_brk_isr
                0x08004750                dma2_channel4_5_isr
                0x08004750                pvd_isr
                0x08004750                rcc_isr
                0x08004750                flash_isr
                0x08004750                uart4_isr
                0x08004750                rtc_alarm_isr
                0x08004750                exti15_10_isr
                0x08004750                hard_fault_handler
                0x08004750                i2c1_ev_isr
                0x08004750                dma2_channel1_isr
                0x08004750                spi2_isr
                0x08004750                tim8_up_isr
                0x08004750                dma2_channel2_isr
                0x08004750                exti3_isr
                0x08004750                adc3_isr
                0x08004750                usart2_isr
                0x08004750                usb_lp_can_rx0_isr
                0x08004750                i2c2_er_isr
                0x08004750                i2c2_ev_isr
                0x08004750                uart5_isr
                0x08004750                fsmc_isr
                0x08004750                dma1_channel1_isr
                0x08004750                exti4_isr
                0x08004750                mem_manage_handler
                0x08004750                can2_tx_isr
                0x08004750                exti9_5_isr
                0x08004750                dma2_channel3_isr
                0x08004750                dma1_channel7_isr
                0x08004750                tim1_up_isr
                0x08004750                can2_sce_isr
                0x08004750                tim4_isr
                0x08004750                dma1_channel2_isr
                0x08004750                i2c1_er_isr
                0x08004750                can_sce_isr
                0x08004750                tim8_cc_isr
                0x08004750                tamper_isr
                0x08004750                eth_wkup_isr
                0x08004750                bus_fault_handler
                0x08004750                wwdg_isr
                0x08004750                dma1_channel3_isr
                0x08004750                spi3_isr
                0x08004750                tim2_isr
                0x08004750                exti0_isr
 .text.null_handler
                0x08004752        0x2 third_party/libopencm3/lib/libopencm3_stm32f1.a(vector.o)
                0x08004752                null_handler
                0x08004752                debug_monitor_handler
                0x08004752                nmi_handler
 .text.reset_handler
                0x08004754       0x94 third_party/libopencm3/lib/libopencm3_stm32f1.a(vector.o)
                0x08004754                reset_handler
 .text.nvic_enable_irq
                0x080047e8       0x18 third_party/libopencm3/lib/libopencm3_stm32f1.a(nvic.o)
                0x080047e8                nvic_enable_irq
 .text.nvic_set_priority
                0x08004800       0x20 third_party/libopencm3/lib/libopencm3_stm32f1.a(nvic.o)
                0x08004800                nvic_set_priority
 .text.flash_set_ws
                0x08004820       0x14 third_party/libopencm3/lib/libopencm3_stm32f1.a(flash_common_all.o)
                0x08004820                flash_set_ws
 .text          0x08004834       0x5c /usr/lib/gcc/arm-none-eabi/13.2.1/../../../arm-none-eabi/lib/thumb/v7-m/nofp/libc_nano.a(libc_a-strlen-stub.o)
                0x08004834                strlen
 .text          0x08004890       0xa0 /usr/lib/gcc/arm-none-eabi/13.2.1/../../../arm-none-eabi/lib/thumb/v7-m/nofp/libc_nano.a(libc_a-memset.o)
                0x08004890                memset
 .text          0x08004930       0xec /usr/lib/gcc/arm-none-eabi/13.2.1/../../../arm-none-eabi/lib/thumb/v7-m/nofp/libc_nano.a(libc_a-memcpy.o)
                0x08004930                memcpy
 .text          0x08004a1c       0x8c /usr/lib/gcc/arm-none-eabi/13.2.1/../../../arm-none-eabi/lib/thumb/v7-m/nofp/libc_nano.a(libc_a-strncmp.o)
                0x08004a1c                strncmp
 .text          0x08004aa8      0x1bc /usr/lib/gcc/arm-none-eabi/13.2.1/../../../arm-none-eabi/lib/thumb/v7-m/nofp/libc_nano.a(libc_a-strcmp.o)
                0x08004aa8                strcmp
 .text          0x08004c64      0x10c /usr/lib/gcc/arm-none-eabi/13.2.1/../../../arm-none-eabi/lib/thumb/v7-m/nofp/libc_nano.a(libc_a-snprintf.o)
                0x08004c64                _sniprintf_r
                0x08004c64                _snprintf_r
                0x08004ce4                snprintf
                0x08004ce4                sniprintf
 .text          0x08004d70      0x400 /usr/lib/gcc/arm-none-eabi/13.2.1/../../../arm-none-eabi/lib/thumb/v7-m/nofp/libc_nano.a(libc_a-nano-svfprintf.o)
                0x08004d70                __ssputs_r
                0x08004e30                __ssprint_r
                0x08004f40                _svfprintf_r
                0x08004f40                _svfiprintf_r
 .text          0x08005170      0x14c /usr/lib/gcc/arm-none-eabi/13.2.1/../../../arm-none-eabi/lib/thumb/v7-m/nofp/libc_nano.a(libc_a-mallocr.o)
                0x080051bc                _malloc_r
 .text          0x080052bc       0xbc /usr/lib/gcc/arm-none-eabi/13.2.1/../../../arm-none-eabi/lib/thumb/v7-m/nofp/libc_nano.a(libc_a-freer.o)
                0x080052bc                _free_r
 .text          0x08005378       0xfc /usr/lib/gcc/arm-none-eabi/13.2.1/../../../arm-none-eabi/lib/thumb/v7-m/nofp/libc_nano.a(libc_a-memmove.o)
                0x08005378                memmove
 .text          0x08005474       0x64 /usr/lib/gcc/arm-none-eabi/13.2.1/../../../arm-none-eabi/lib/thumb/v7-m/nofp/libc_nano.a(libc_a-reallocr.o)
                0x08005474                _realloc_r
 .text          0x080054d8      0x3a8 /usr/lib/gcc/arm-none-eabi/13.2.1/../../../arm-none-eabi/lib/thumb/v7-m/nofp/libc_nano.a(libc_a-nano-vfprintf_i.o)
                0x080054d8                _printf_common
                0x080055fc                _printf_i
 .text          0x08005880        0x8 /usr/lib/gcc/arm-none-eabi/13.2.1/../../../arm-none-eabi/lib/thumb/v7-m/nofp/libc_nano.a(libc_a-mlock.o)
                0x08005880                __malloc_lock
                0x08005884                __malloc_unlock
 .text          0x08005888       0x98 /usr/lib/gcc/arm-none-eabi/13.2.1/../../../arm-none-eabi/lib/thumb/v7-m/nofp/libc_nano.a(libc_a-memchr-stub.o)
                0x08005888                memchr
 .text          0x08005920       0x24 /usr/lib/gcc/arm-none-eabi/13.2.1/../../../arm-none-eabi/lib/thumb/v7-m/nofp/libc_nano.a(libc_a-sbrkr.o)
                0x08005920                _sbrk_r
 .text          0x08005944       0x10 /usr/lib/gcc/arm-none-eabi/13.2.1/../../../arm-none-eabi/lib/thumb/v7-m/nofp/libc_nano.a(libc_a-msizer.o)
                0x08005944                _malloc_usable_size_r
 .text          0x08005954       0x1c /usr/lib/gcc/arm-none-eabi/13.2.1/../../../arm-none-eabi/lib/thumb/v7-m/nofp/libnosys.a(sbrk.o)
                0x08005954                _sbrk
 *(.rodata*)
 .rodata        0x08005970       0x1c bin/protocol/protocol.o
 .rodata        0x0800598c       0x74 bin/app/command_box.o
 .rodata.k_evt_payload
                0x08005a00       0x10 bin/app/command_box.o
 .rodata.k_sts_payload
                0x08005a10       0x10 bin/app/command_box.o
 .rodata.k_beep_count
                0x08005a20        0x4 bin/app/command_box.o
 .rodata        0x08005a24       0x23 bin/app/tasks.o
 *fill*         0x08005a47        0x1 
 .rodata.uxTopUsedPriority
                0x08005a48        0x4 bin/freertos/tasks.o
 .rodata        0x08005a4c        0x5 bin/freertos/tasks.o
 *fill*         0x08005a51        0x3 
 .rodata.rcc_hse_configs
                0x08005a54       0x8c third_party/libopencm3/lib/libopencm3_stm32f1.a(rcc.o)
                0x08005a54                rcc_hse_configs
 .rodata.str1.4
                0x08005ae0       0x39 /usr/lib/gcc/arm-none-eabi/13.2.1/../../../arm-none-eabi/lib/thumb/v7-m/nofp/libc_nano.a(libc_a-nano-svfprintf.o)
                                 0x13 (size before relaxing)
 .rodata.str1.4
                0x08005b19       0x25 /usr/lib/gcc/arm-none-eabi/13.2.1/../../../arm-none-eabi/lib/thumb/v7-m/nofp/libc_nano.a(libc_a-nano-vfprintf_i.o)
 *(.glue_7)
 .glue_7        0x08005b19        0x0 linker stubs
 *(.glue_7t)
 .glue_7t       0x08005b19        0x0 linker stubs
 *(.eh_frame)

.vfp11_veneer   0x08005b1c        0x0
 .vfp11_veneer  0x08005b1c        0x0 linker stubs

.v4_bx          0x08005b1c        0x0
 .v4_bx         0x08005b1c        0x0 linker stubs

.iplt           0x08005b1c        0x0
 .iplt          0x08005b1c        0x0 bin/main.o

.rel.dyn        0x08005b1c        0x0
 .rel.iplt      0x08005b1c        0x0 bin/main.o

.data           0x20000000       0x60 load address 0x08005b19
                0x20000000                        _data = .
                0x08005b19                        _data_loadaddr = LOADADDR (.data)
 *(.data*)
 .data.uxCriticalNesting
                0x20000000        0x4 bin/freertos/portable/GCC/ARM_CM3/port.o
 .data.rcc_ahb_frequency
                0x20000004        0x4 third_party/libopencm3/lib/libopencm3_stm32f1.a(rcc.o)
                0x20000004                rcc_ahb_frequency
 .data.rcc_apb2_frequency
                0x20000008        0x4 third_party/libopencm3/lib/libopencm3_stm32f1.a(rcc.o)
                0x20000008                rcc_apb2_frequency
 .data.rcc_apb1_frequency
                0x2000000c        0x4 third_party/libopencm3/lib/libopencm3_stm32f1.a(rcc.o)
                0x2000000c                rcc_apb1_frequency
 .data          0x20000010       0x50 /usr/lib/gcc/arm-none-eabi/13.2.1/../../../arm-none-eabi/lib/thumb/v7-m/nofp/libc_nano.a(libc_a-impure.o)
                0x20000010                _impure_ptr
                0x20000014                _impure_data
                0x20000060                        . = ALIGN (0x4)
                0x20000060                        _edata = .

.igot.plt       0x20000060        0x0 load address 0x08005b7c
 .igot.plt      0x20000060        0x0 bin/main.o

.bss            0x20000060     0x2a00 load address 0x08005b7c
                0x20000060                        _bss = .
 *(.bss*)
 .bss.g_uart_rx_queue
                0x20000060        0x4 bin/drivers/uart_comm.o
 .bss.g_uart_rx_irq_count
                0x20000064        0x4 bin/drivers/uart_comm.o
 .bss.g_uart_rx_drop_count
                0x20000068        0x4 bin/drivers/uart_comm.o
 .bss.g_button_queue
                0x2000006c        0x4 bin/drivers/board_io.o
 .bss.g_uptime_ms
                0x20000070        0x4 bin/drivers/board_io.o
 .bss.g_adc_raw
                0x20000074        0x2 bin/drivers/board_io.o
 .bss.g_adc_elapsed_ms
                0x20000076        0x2 bin/drivers/board_io.o
 .bss.g_debounce_active
                0x20000078        0x1 bin/drivers/board_io.o
 *fill*         0x20000079        0x1 
 .bss.g_debounce_remaining_ms
                0x2000007a        0x2 bin/drivers/board_io.o
 .bss.g_uart_rx_queue
                0x2000007c        0x4 bin/app/tasks.o
 .bss.g_app_queue
                0x20000080        0x4 bin/app/tasks.o
 .bss.g_uart_tx_queue
                0x20000084        0x4 bin/app/tasks.o
 .bss.g_button_queue
                0x20000088        0x4 bin/app/tasks.o
 .bss.g_cbox    0x2000008c       0x28 bin/app/tasks.o
 .bss.g_signals
                0x200000b4       0x1c bin/app/tasks.o
 .bss.g_parser_error_count
                0x200000d0        0x4 bin/app/tasks.o
 .bss.parser.0  0x200000d4       0x3e bin/app/tasks.o
 *fill*         0x20000112        0x2 
 .bss.pxCurrentTCB
                0x20000114        0x4 bin/freertos/tasks.o
                0x20000114                pxCurrentTCB
 .bss.pxReadyTasksLists
                0x20000118       0x78 bin/freertos/tasks.o
 .bss.xDelayedTaskList1
                0x20000190       0x14 bin/freertos/tasks.o
 .bss.xDelayedTaskList2
                0x200001a4       0x14 bin/freertos/tasks.o
 .bss.pxDelayedTaskList
                0x200001b8        0x4 bin/freertos/tasks.o
 .bss.pxOverflowDelayedTaskList
                0x200001bc        0x4 bin/freertos/tasks.o
 .bss.xPendingReadyList
                0x200001c0       0x14 bin/freertos/tasks.o
 .bss.xTasksWaitingTermination
                0x200001d4       0x14 bin/freertos/tasks.o
 .bss.uxDeletedTasksWaitingCleanUp
                0x200001e8        0x4 bin/freertos/tasks.o
 .bss.xSuspendedTaskList
                0x200001ec       0x14 bin/freertos/tasks.o
 .bss.uxCurrentNumberOfTasks
                0x20000200        0x4 bin/freertos/tasks.o
 .bss.xTickCount
                0x20000204        0x4 bin/freertos/tasks.o
 .bss.uxTopReadyPriority
                0x20000208        0x4 bin/freertos/tasks.o
 .bss.xSchedulerRunning
                0x2000020c        0x4 bin/freertos/tasks.o
 .bss.xPendedTicks
                0x20000210        0x4 bin/freertos/tasks.o
 .bss.xYieldPendings
                0x20000214        0x4 bin/freertos/tasks.o
 .bss.xNumOfOverflows
                0x20000218        0x4 bin/freertos/tasks.o
 .bss.uxTaskNumber
                0x2000021c        0x4 bin/freertos/tasks.o
 .bss.xNextTaskUnblockTime
                0x20000220        0x4 bin/freertos/tasks.o
 .bss.xIdleTaskHandles
                0x20000224        0x4 bin/freertos/tasks.o
 .bss.uxSchedulerSuspended
                0x20000228        0x4 bin/freertos/tasks.o
 .bss.ucMaxSysCallPriority
                0x2000022c        0x1 bin/freertos/portable/GCC/ARM_CM3/port.o
 *fill*         0x2000022d        0x3 
 .bss.ulMaxPRIGROUPValue
                0x20000230        0x4 bin/freertos/portable/GCC/ARM_CM3/port.o
 .bss.ucHeap    0x20000234     0x2800 bin/freertos/heap_4.o
 .bss.xStart    0x20002a34        0x8 bin/freertos/heap_4.o
 .bss.pxEnd     0x20002a3c        0x4 bin/freertos/heap_4.o
 .bss.xFreeBytesRemaining
                0x20002a40        0x4 bin/freertos/heap_4.o
 .bss.xMinimumEverFreeBytesRemaining
                0x20002a44        0x4 bin/freertos/heap_4.o
 .bss.xNumberOfSuccessfulAllocations
                0x20002a48        0x4 bin/freertos/heap_4.o
 .bss.xNumberOfSuccessfulFrees
                0x20002a4c        0x4 bin/freertos/heap_4.o
 .bss           0x20002a50        0x8 /usr/lib/gcc/arm-none-eabi/13.2.1/../../../arm-none-eabi/lib/thumb/v7-m/nofp/libc_nano.a(libc_a-mallocr.o)
                0x20002a50                __malloc_sbrk_start
                0x20002a54                __malloc_free_list
 .bss           0x20002a58        0x4 /usr/lib/gcc/arm-none-eabi/13.2.1/../../../arm-none-eabi/lib/thumb/v7-m/nofp/libc_nano.a(libc_a-reent.o)
                0x20002a58                errno
 .bss           0x20002a5c        0x4 /usr/lib/gcc/arm-none-eabi/13.2.1/../../../arm-none-eabi/lib/thumb/v7-m/nofp/libnosys.a(sbrk.o)
 *(COMMON)
                0x20002a60                        . = ALIGN (0x4)
                0x20002a60                        _ebss = .

.init_array     0x20002a60        0x0
                0x20002a60                        __init_array_start = .
 *(.init_array*)
                0x20002a60                        __init_array_end = .

.fini_array     0x20002a60        0x0
                0x20002a60                        __fini_array_start = .
 *(.fini_array*)
                0x20002a60                        __fini_array_end = .

.preinit_array  0x20002a60        0x0
                0x20002a60                        __preinit_array_start = .
 *(.preinit_array*)
                0x20002a60                        __preinit_array_end = .
                0x08005b19                        _etext = (LOADADDR (.text) + SIZEOF (.text))

/DISCARD/
 *(.ARM.exidx*)
                0x20002a60                        PROVIDE (end = _ebss)
OUTPUT(bin/main.elf elf32-littlearm)
LOAD linker stubs

.debug_info     0x00000000    0x12e0d
 .debug_info    0x00000000      0x21a bin/main.o
 .debug_info    0x0000021a      0x23b bin/platform/system_init.o
 .debug_info    0x00000455      0x580 bin/drivers/uart_comm.o
 .debug_info    0x000009d5      0x883 bin/drivers/board_io.o
 .debug_info    0x00001258      0x676 bin/protocol/protocol.o
 .debug_info    0x000018ce      0x446 bin/protocol/parser.o
 .debug_info    0x00001d14      0x4ca bin/app/command_box.o
 .debug_info    0x000021de      0x316 bin/app/signals.o
 .debug_info    0x000024f4      0x9f0 bin/app/tasks.o
 .debug_info    0x00002ee4      0x29a bin/freertos/list.o
 .debug_info    0x0000317e     0x168e bin/freertos/queue.o
 .debug_info    0x0000480c     0x22bc bin/freertos/tasks.o
 .debug_info    0x00006ac8      0x503 bin/freertos/portable/GCC/ARM_CM3/port.o
 .debug_info    0x00006fcb      0x5bb bin/freertos/heap_4.o
 .debug_info    0x00007586      0x37d third_party/libopencm3/lib/libopencm3_stm32f1.a(adc.o)
 .debug_info    0x00007903      0x831 third_party/libopencm3/lib/libopencm3_stm32f1.a(adc_common_v1.o)
 .debug_info    0x00008134      0x208 third_party/libopencm3/lib/libopencm3_stm32f1.a(exti_common_all.o)
 .debug_info    0x0000833c      0x1d1 third_party/libopencm3/lib/libopencm3_stm32f1.a(gpio.o)
 .debug_info    0x0000850d      0x23a third_party/libopencm3/lib/libopencm3_stm32f1.a(gpio_common_all.o)
 .debug_info    0x00008747     0x14b6 third_party/libopencm3/lib/libopencm3_stm32f1.a(rcc.o)
 .debug_info    0x00009bfd      0x5e6 third_party/libopencm3/lib/libopencm3_stm32f1.a(rcc_common_all.o)
 .debug_info    0x0000a1e3      0xfea third_party/libopencm3/lib/libopencm3_stm32f1.a(timer_common_all.o)
 .debug_info    0x0000b1cd      0x649 third_party/libopencm3/lib/libopencm3_stm32f1.a(usart_common_all.o)
 .debug_info    0x0000b816      0x176 third_party/libopencm3/lib/libopencm3_stm32f1.a(usart_common_f124.o)
 .debug_info    0x0000b98c      0x2b8 third_party/libopencm3/lib/libopencm3_stm32f1.a(vector.o)
 .debug_info    0x0000bc44      0x212 third_party/libopencm3/lib/libopencm3_stm32f1.a(nvic.o)
 .debug_info    0x0000be56       0xe5 third_party/libopencm3/lib/libopencm3_stm32f1.a(flash_common_all.o)
 .debug_info    0x0000bf3b       0xbd /usr/lib/gcc/arm-none-eabi/13.2.1/../../../arm-none-eabi/lib/thumb/v7-m/nofp/libc_nano.a(libc_a-strlen-stub.o)
 .debug_info    0x0000bff8      0x135 /usr/lib/gcc/arm-none-eabi/13.2.1/../../../arm-none-eabi/lib/thumb/v7-m/nofp/libc_nano.a(libc_a-memset.o)
 .debug_info    0x0000c12d       0x33 /usr/lib/gcc/arm-none-eabi/13.2.1/../../../arm-none-eabi/lib/thumb/v7-m/nofp/libc_nano.a(libc_a-memcpy.o)
 .debug_info    0x0000c160      0x108 /usr/lib/gcc/arm-none-eabi/13.2.1/../../../arm-none-eabi/lib/thumb/v7-m/nofp/libc_nano.a(libc_a-strncmp.o)
 .debug_info    0x0000c268       0x33 /usr/lib/gcc/arm-none-eabi/13.2.1/../../../arm-none-eabi/lib/thumb/v7-m/nofp/libc_nano.a(libc_a-strcmp.o)
 .debug_info    0x0000c29b      0x8ff /usr/lib/gcc/arm-none-eabi/13.2.1/../../../arm-none-eabi/lib/thumb/v7-m/nofp/libc_nano.a(libc_a-snprintf.o)
 .debug_info    0x0000cb9a      0x70b /usr/lib/gcc/arm-none-eabi/13.2.1/../../../arm-none-eabi/lib/thumb/v7-m/nofp/libc_nano.a(libc_a-impure.o)
 .debug_info    0x0000d2a5     0x1094 /usr/lib/gcc/arm-none-eabi/13.2.1/../../../arm-none-eabi/lib/thumb/v7-m/nofp/libc_nano.a(libc_a-nano-svfprintf.o)
 .debug_info    0x0000e339      0x9b6 /usr/lib/gcc/arm-none-eabi/13.2.1/../../../arm-none-eabi/lib/thumb/v7-m/nofp/libc_nano.a(libc_a-mallocr.o)
 .debug_info    0x0000ecef      0x87f /usr/lib/gcc/arm-none-eabi/13.2.1/../../../arm-none-eabi/lib/thumb/v7-m/nofp/libc_nano.a(libc_a-freer.o)
 .debug_info    0x0000f56e      0x148 /usr/lib/gcc/arm-none-eabi/13.2.1/../../../arm-none-eabi/lib/thumb/v7-m/nofp/libc_nano.a(libc_a-memmove.o)
 .debug_info    0x0000f6b6      0x8cd /usr/lib/gcc/arm-none-eabi/13.2.1/../../../arm-none-eabi/lib/thumb/v7-m/nofp/libc_nano.a(libc_a-reallocr.o)
 .debug_info    0x0000ff83      0xdd7 /usr/lib/gcc/arm-none-eabi/13.2.1/../../../arm-none-eabi/lib/thumb/v7-m/nofp/libc_nano.a(libc_a-nano-vfprintf_i.o)
 .debug_info    0x00010d5a      0x71c /usr/lib/gcc/arm-none-eabi/13.2.1/../../../arm-none-eabi/lib/thumb/v7-m/nofp/libc_nano.a(libc_a-mlock.o)
 .debug_info    0x00011476      0x14a /usr/lib/gcc/arm-none-eabi/13.2.1/../../../arm-none-eabi/lib/thumb/v7-m/nofp/libc_nano.a(libc_a-memchr-stub.o)
 .debug_info    0x000115c0      0x778 /usr/lib/gcc/arm-none-eabi/13.2.1/../../../arm-none-eabi/lib/thumb/v7-m/nofp/libc_nano.a(libc_a-sbrkr.o)
 .debug_info    0x00011d38      0x78a /usr/lib/gcc/arm-none-eabi/13.2.1/../../../arm-none-eabi/lib/thumb/v7-m/nofp/libc_nano.a(libc_a-msizer.o)
 .debug_info    0x000124c2      0x89f /usr/lib/gcc/arm-none-eabi/13.2.1/../../../arm-none-eabi/lib/thumb/v7-m/nofp/libc_nano.a(libc_a-reent.o)
 .debug_info    0x00012d61       0xac /usr/lib/gcc/arm-none-eabi/13.2.1/../../../arm-none-eabi/lib/thumb/v7-m/nofp/libnosys.a(sbrk.o)

.debug_abbrev   0x00000000     0x45aa
 .debug_abbrev  0x00000000       0xfb bin/main.o
 .debug_abbrev  0x000000fb       0x7d bin/platform/system_init.o
 .debug_abbrev  0x00000178      0x18b bin/drivers/uart_comm.o
 .debug_abbrev  0x00000303      0x21e bin/drivers/board_io.o
 .debug_abbrev  0x00000521      0x1eb bin/protocol/protocol.o
 .debug_abbrev  0x0000070c      0x1a0 bin/protocol/parser.o
 .debug_abbrev  0x000008ac      0x18c bin/app/command_box.o
 .debug_abbrev  0x00000a38      0x145 bin/app/signals.o
 .debug_abbrev  0x00000b7d      0x1df bin/app/tasks.o
 .debug_abbrev  0x00000d5c       0xec bin/freertos/list.o
 .debug_abbrev  0x00000e48      0x320 bin/freertos/queue.o
 .debug_abbrev  0x00001168      0x379 bin/freertos/tasks.o
 .debug_abbrev  0x000014e1      0x253 bin/freertos/portable/GCC/ARM_CM3/port.o
 .debug_abbrev  0x00001734      0x258 bin/freertos/heap_4.o
 .debug_abbrev  0x0000198c      0x196 third_party/libopencm3/lib/libopencm3_stm32f1.a(adc.o)
 .debug_abbrev  0x00001b22      0x1ac third_party/libopencm3/lib/libopencm3_stm32f1.a(adc_common_v1.o)
 .debug_abbrev  0x00001cce      0x104 third_party/libopencm3/lib/libopencm3_stm32f1.a(exti_common_all.o)
 .debug_abbrev  0x00001dd2       0xd3 third_party/libopencm3/lib/libopencm3_stm32f1.a(gpio.o)
 .debug_abbrev  0x00001ea5      0x117 third_party/libopencm3/lib/libopencm3_stm32f1.a(gpio_common_all.o)
 .debug_abbrev  0x00001fbc      0x2bf third_party/libopencm3/lib/libopencm3_stm32f1.a(rcc.o)
 .debug_abbrev  0x0000227b      0x186 third_party/libopencm3/lib/libopencm3_stm32f1.a(rcc_common_all.o)
 .debug_abbrev  0x00002401      0x1ad third_party/libopencm3/lib/libopencm3_stm32f1.a(timer_common_all.o)
 .debug_abbrev  0x000025ae      0x1ab third_party/libopencm3/lib/libopencm3_stm32f1.a(usart_common_all.o)
 .debug_abbrev  0x00002759       0xb8 third_party/libopencm3/lib/libopencm3_stm32f1.a(usart_common_f124.o)
 .debug_abbrev  0x00002811      0x149 third_party/libopencm3/lib/libopencm3_stm32f1.a(vector.o)
 .debug_abbrev  0x0000295a       0xb7 third_party/libopencm3/lib/libopencm3_stm32f1.a(nvic.o)
 .debug_abbrev  0x00002a11       0x96 third_party/libopencm3/lib/libopencm3_stm32f1.a(flash_common_all.o)
 .debug_abbrev  0x00002aa7       0x78 /usr/lib/gcc/arm-none-eabi/13.2.1/../../../arm-none-eabi/lib/thumb/v7-m/nofp/libc_nano.a(libc_a-strlen-stub.o)
 .debug_abbrev  0x00002b1f       0xb7 /usr/lib/gcc/arm-none-eabi/13.2.1/../../../arm-none-eabi/lib/thumb/v7-m/nofp/libc_nano.a(libc_a-memset.o)
 .debug_abbrev  0x00002bd6       0x28 /usr/lib/gcc/arm-none-eabi/13.2.1/../../../arm-none-eabi/lib/thumb/v7-m/nofp/libc_nano.a(libc_a-memcpy.o)
 .debug_abbrev  0x00002bfe       0x92 /usr/lib/gcc/arm-none-eabi/13.2.1/../../../arm-none-eabi/lib/thumb/v7-m/nofp/libc_nano.a(libc_a-strncmp.o)
 .debug_abbrev  0x00002c90       0x28 /usr/lib/gcc/arm-none-eabi/13.2.1/../../../arm-none-eabi/lib/thumb/v7-m/nofp/libc_nano.a(libc_a-strcmp.o)
 .debug_abbrev  0x00002cb8      0x23c /usr/lib/gcc/arm-none-eabi/13.2.1/../../../arm-none-eabi/lib/thumb/v7-m/nofp/libc_nano.a(libc_a-snprintf.o)
 .debug_abbrev  0x00002ef4      0x149 /usr/lib/gcc/arm-none-eabi/13.2.1/../../../arm-none-eabi/lib/thumb/v7-m/nofp/libc_nano.a(libc_a-impure.o)
 .debug_abbrev  0x0000303d      0x32f /usr/lib/gcc/arm-none-eabi/13.2.1/../../../arm-none-eabi/lib/thumb/v7-m/nofp/libc_nano.a(libc_a-nano-svfprintf.o)
 .debug_abbrev  0x0000336c      0x24a /usr/lib/gcc/arm-none-eabi/13.2.1/../../../arm-none-eabi/lib/thumb/v7-m/nofp/libc_nano.a(libc_a-mallocr.o)
 .debug_abbrev  0x000035b6      0x249 /usr/lib/gcc/arm-none-eabi/13.2.1/../../../arm-none-eabi/lib/thumb/v7-m/nofp/libc_nano.a(libc_a-freer.o)
 .debug_abbrev  0x000037ff       0xc3 /usr/lib/gcc/arm-none-eabi/13.2.1/../../../arm-none-eabi/lib/thumb/v7-m/nofp/libc_nano.a(libc_a-memmove.o)
 .debug_abbrev  0x000038c2      0x20c /usr/lib/gcc/arm-none-eabi/13.2.1/../../../arm-none-eabi/lib/thumb/v7-m/nofp/libc_nano.a(libc_a-reallocr.o)
 .debug_abbrev  0x00003ace      0x284 /usr/lib/gcc/arm-none-eabi/13.2.1/../../../arm-none-eabi/lib/thumb/v7-m/nofp/libc_nano.a(libc_a-nano-vfprintf_i.o)
 .debug_abbrev  0x00003d52      0x192 /usr/lib/gcc/arm-none-eabi/13.2.1/../../../arm-none-eabi/lib/thumb/v7-m/nofp/libc_nano.a(libc_a-mlock.o)
 .debug_abbrev  0x00003ee4       0xc7 /usr/lib/gcc/arm-none-eabi/13.2.1/../../../arm-none-eabi/lib/thumb/v7-m/nofp/libc_nano.a(libc_a-memchr-stub.o)
 .debug_abbrev  0x00003fab      0x1da /usr/lib/gcc/arm-none-eabi/13.2.1/../../../arm-none-eabi/lib/thumb/v7-m/nofp/libc_nano.a(libc_a-sbrkr.o)
 .debug_abbrev  0x00004185      0x196 /usr/lib/gcc/arm-none-eabi/13.2.1/../../../arm-none-eabi/lib/thumb/v7-m/nofp/libc_nano.a(libc_a-msizer.o)
 .debug_abbrev  0x0000431b      0x1ee /usr/lib/gcc/arm-none-eabi/13.2.1/../../../arm-none-eabi/lib/thumb/v7-m/nofp/libc_nano.a(libc_a-reent.o)
 .debug_abbrev  0x00004509       0xa1 /usr/lib/gcc/arm-none-eabi/13.2.1/../../../arm-none-eabi/lib/thumb/v7-m/nofp/libnosys.a(sbrk.o)

.debug_aranges  0x00000000     0x1258
 .debug_aranges
                0x00000000       0x20 bin/main.o
 .debug_aranges
                0x00000020       0x20 bin/platform/system_init.o
 .debug_aranges
                0x00000040       0x48 bin/drivers/uart_comm.o
 .debug_aranges
                0x00000088       0x88 bin/drivers/board_io.o
 .debug_aranges
                0x00000110       0x80 bin/protocol/protocol.o
 .debug_aranges
                0x00000190       0x50 bin/protocol/parser.o
 .debug_aranges
                0x000001e0       0x58 bin/app/command_box.o
 .debug_aranges
                0x00000238       0x38 bin/app/signals.o
 .debug_aranges
                0x00000270       0x58 bin/app/tasks.o
 .debug_aranges
                0x000002c8       0x40 bin/freertos/list.o
 .debug_aranges
                0x00000308      0x110 bin/freertos/queue.o
 .debug_aranges
                0x00000418      0x1e8 bin/freertos/tasks.o
 .debug_aranges
                0x00000600       0x78 bin/freertos/portable/GCC/ARM_CM3/port.o
 .debug_aranges
                0x00000678       0x68 bin/freertos/heap_4.o
 .debug_aranges
                0x000006e0       0x98 third_party/libopencm3/lib/libopencm3_stm32f1.a(adc.o)
 .debug_aranges
                0x00000778      0x158 third_party/libopencm3/lib/libopencm3_stm32f1.a(adc_common_v1.o)
 .debug_aranges
                0x000008d0       0x48 third_party/libopencm3/lib/libopencm3_stm32f1.a(exti_common_all.o)
 .debug_aranges
                0x00000918       0x38 third_party/libopencm3/lib/libopencm3_stm32f1.a(gpio.o)
 .debug_aranges
                0x00000950       0x50 third_party/libopencm3/lib/libopencm3_stm32f1.a(gpio_common_all.o)
 .debug_aranges
                0x000009a0      0x170 third_party/libopencm3/lib/libopencm3_stm32f1.a(rcc.o)
 .debug_aranges
                0x00000b10       0x80 third_party/libopencm3/lib/libopencm3_stm32f1.a(rcc_common_all.o)
 .debug_aranges
                0x00000b90      0x278 third_party/libopencm3/lib/libopencm3_stm32f1.a(timer_common_all.o)
 .debug_aranges
                0x00000e08       0xf0 third_party/libopencm3/lib/libopencm3_stm32f1.a(usart_common_all.o)
 .debug_aranges
                0x00000ef8       0x40 third_party/libopencm3/lib/libopencm3_stm32f1.a(usart_common_f124.o)
 .debug_aranges
                0x00000f38       0x30 third_party/libopencm3/lib/libopencm3_stm32f1.a(vector.o)
 .debug_aranges
                0x00000f68       0x60 third_party/libopencm3/lib/libopencm3_stm32f1.a(nvic.o)
 .debug_aranges
                0x00000fc8       0x38 third_party/libopencm3/lib/libopencm3_stm32f1.a(flash_common_all.o)
 .debug_aranges
                0x00001000       0x20 /usr/lib/gcc/arm-none-eabi/13.2.1/../../../arm-none-eabi/lib/thumb/v7-m/nofp/libc_nano.a(libc_a-strlen-stub.o)
 .debug_aranges
                0x00001020       0x20 /usr/lib/gcc/arm-none-eabi/13.2.1/../../../arm-none-eabi/lib/thumb/v7-m/nofp/libc_nano.a(libc_a-memset.o)
 .debug_aranges
                0x00001040       0x20 /usr/lib/gcc/arm-none-eabi/13.2.1/../../../arm-none-eabi/lib/thumb/v7-m/nofp/libc_nano.a(libc_a-memcpy.o)
 .debug_aranges
                0x00001060       0x20 /usr/lib/gcc/arm-none-eabi/13.2.1/../../../arm-none-eabi/lib/thumb/v7-m/nofp/libc_nano.a(libc_a-strncmp.o)
 .debug_aranges
                0x00001080       0x20 /usr/lib/gcc/arm-none-eabi/13.2.1/../../../arm-none-eabi/lib/thumb/v7-m/nofp/libc_nano.a(libc_a-strcmp.o)
 .debug_aranges
                0x000010a0       0x20 /usr/lib/gcc/arm-none-eabi/13.2.1/../../../arm-none-eabi/lib/thumb/v7-m/nofp/libc_nano.a(libc_a-snprintf.o)
 .debug_aranges
                0x000010c0       0x18 /usr/lib/gcc/arm-none-eabi/13.2.1/../../../arm-none-eabi/lib/thumb/v7-m/nofp/libc_nano.a(libc_a-impure.o)
 .debug_aranges
                0x000010d8       0x20 /usr/lib/gcc/arm-none-eabi/13.2.1/../../../arm-none-eabi/lib/thumb/v7-m/nofp/libc_nano.a(libc_a-nano-svfprintf.o)
 .debug_aranges
                0x000010f8       0x20 /usr/lib/gcc/arm-none-eabi/13.2.1/../../../arm-none-eabi/lib/thumb/v7-m/nofp/libc_nano.a(libc_a-mallocr.o)
 .debug_aranges
                0x00001118       0x20 /usr/lib/gcc/arm-none-eabi/13.2.1/../../../arm-none-eabi/lib/thumb/v7-m/nofp/libc_nano.a(libc_a-freer.o)
 .debug_aranges
                0x00001138       0x20 /usr/lib/gcc/arm-none-eabi/13.2.1/../../../arm-none-eabi/lib/thumb/v7-m/nofp/libc_nano.a(libc_a-memmove.o)
 .debug_aranges
                0x00001158       0x20 /usr/lib/gcc/arm-none-eabi/13.2.1/../../../arm-none-eabi/lib/thumb/v7-m/nofp/libc_nano.a(libc_a-reallocr.o)
 .debug_aranges
                0x00001178       0x20 /usr/lib/gcc/arm-none-eabi/13.2.1/../../../arm-none-eabi/lib/thumb/v7-m/nofp/libc_nano.a(libc_a-nano-vfprintf_i.o)
 .debug_aranges
                0x00001198       0x20 /usr/lib/gcc/arm-none-eabi/13.2.1/../../../arm-none-eabi/lib/thumb/v7-m/nofp/libc_nano.a(libc_a-mlock.o)
 .debug_aranges
                0x000011b8       0x20 /usr/lib/gcc/arm-none-eabi/13.2.1/../../../arm-none-eabi/lib/thumb/v7-m/nofp/libc_nano.a(libc_a-memchr-stub.o)
 .debug_aranges
                0x000011d8       0x20 /usr/lib/gcc/arm-none-eabi/13.2.1/../../../arm-none-eabi/lib/thumb/v7-m/nofp/libc_nano.a(libc_a-sbrkr.o)
 .debug_aranges
                0x000011f8       0x20 /usr/lib/gcc/arm-none-eabi/13.2.1/../../../arm-none-eabi/lib/thumb/v7-m/nofp/libc_nano.a(libc_a-msizer.o)
 .debug_aranges
                0x00001218       0x20 /usr/lib/gcc/arm-none-eabi/13.2.1/../../../arm-none-eabi/lib/thumb/v7-m/nofp/libc_nano.a(libc_a-reent.o)
 .debug_aranges
                0x00001238       0x20 /usr/lib/gcc/arm-none-eabi/13.2.1/../../../arm-none-eabi/lib/thumb/v7-m/nofp/libnosys.a(sbrk.o)

.debug_rnglists
                0x00000000      0xd19
 .debug_rnglists
                0x00000000       0x13 bin/main.o
 .debug_rnglists
                0x00000013       0x13 bin/platform/system_init.o
 .debug_rnglists
                0x00000026       0x33 bin/drivers/uart_comm.o
 .debug_rnglists
                0x00000059       0x64 bin/drivers/board_io.o
 .debug_rnglists
                0x000000bd       0x61 bin/protocol/protocol.o
 .debug_rnglists
                0x0000011e       0x38 bin/protocol/parser.o
 .debug_rnglists
                0x00000156       0x3f bin/app/command_box.o
 .debug_rnglists
                0x00000195       0x27 bin/app/signals.o
 .debug_rnglists
                0x000001bc       0x40 bin/app/tasks.o
 .debug_rnglists
                0x000001fc       0x2b bin/freertos/list.o
 .debug_rnglists
                0x00000227       0xd4 bin/freertos/queue.o
 .debug_rnglists
                0x000002fb      0x194 bin/freertos/tasks.o
 .debug_rnglists
                0x0000048f       0x57 bin/freertos/portable/GCC/ARM_CM3/port.o
 .debug_rnglists
                0x000004e6       0x4e bin/freertos/heap_4.o
 .debug_rnglists
                0x00000534       0x6d third_party/libopencm3/lib/libopencm3_stm32f1.a(adc.o)
 .debug_rnglists
                0x000005a1       0xfd third_party/libopencm3/lib/libopencm3_stm32f1.a(adc_common_v1.o)
 .debug_rnglists
                0x0000069e       0x3f third_party/libopencm3/lib/libopencm3_stm32f1.a(exti_common_all.o)
 .debug_rnglists
                0x000006dd       0x25 third_party/libopencm3/lib/libopencm3_stm32f1.a(gpio.o)
 .debug_rnglists
                0x00000702       0x37 third_party/libopencm3/lib/libopencm3_stm32f1.a(gpio_common_all.o)
 .debug_rnglists
                0x00000739      0x160 third_party/libopencm3/lib/libopencm3_stm32f1.a(rcc.o)
 .debug_rnglists
                0x00000899       0x5b third_party/libopencm3/lib/libopencm3_stm32f1.a(rcc_common_all.o)
 .debug_rnglists
                0x000008f4      0x1d6 third_party/libopencm3/lib/libopencm3_stm32f1.a(timer_common_all.o)
 .debug_rnglists
                0x00000aca       0xaf third_party/libopencm3/lib/libopencm3_stm32f1.a(usart_common_all.o)
 .debug_rnglists
                0x00000b79       0x2b third_party/libopencm3/lib/libopencm3_stm32f1.a(usart_common_f124.o)
 .debug_rnglists
                0x00000ba4       0x20 third_party/libopencm3/lib/libopencm3_stm32f1.a(vector.o)
 .debug_rnglists
                0x00000bc4       0x43 third_party/libopencm3/lib/libopencm3_stm32f1.a(nvic.o)
 .debug_rnglists
                0x00000c07       0x25 third_party/libopencm3/lib/libopencm3_stm32f1.a(flash_common_all.o)
 .debug_rnglists
                0x00000c2c       0x13 /usr/lib/gcc/arm-none-eabi/13.2.1/../../../arm-none-eabi/lib/thumb/v7-m/nofp/libc_nano.a(libc_a-strlen-stub.o)
 .debug_rnglists
                0x00000c3f       0x42 /usr/lib/gcc/arm-none-eabi/13.2.1/../../../arm-none-eabi/lib/thumb/v7-m/nofp/libc_nano.a(libc_a-nano-svfprintf.o)
 .debug_rnglists
                0x00000c81       0x1f /usr/lib/gcc/arm-none-eabi/13.2.1/../../../arm-none-eabi/lib/thumb/v7-m/nofp/libc_nano.a(libc_a-mallocr.o)
 .debug_rnglists
                0x00000ca0       0x13 /usr/lib/gcc/arm-none-eabi/13.2.1/../../../arm-none-eabi/lib/thumb/v7-m/nofp/libc_nano.a(libc_a-freer.o)
 .debug_rnglists
                0x00000cb3       0x66 /usr/lib/gcc/arm-none-eabi/13.2.1/../../../arm-none-eabi/lib/thumb/v7-m/nofp/libc_nano.a(libc_a-nano-vfprintf_i.o)

.debug_line     0x00000000     0xbc14
 .debug_line    0x00000000      0x100 bin/main.o
 .debug_line    0x00000100       0xd3 bin/platform/system_init.o
 .debug_line    0x000001d3      0x2e3 bin/drivers/uart_comm.o
 .debug_line    0x000004b6      0x466 bin/drivers/board_io.o
 .debug_line    0x0000091c      0x5a3 bin/protocol/protocol.o
 .debug_line    0x00000ebf      0x323 bin/protocol/parser.o
 .debug_line    0x000011e2      0x2b6 bin/app/command_box.o
 .debug_line    0x00001498      0x20e bin/app/signals.o
 .debug_line    0x000016a6      0x2e9 bin/app/tasks.o
 .debug_line    0x0000198f      0x20d bin/freertos/list.o
 .debug_line    0x00001b9c      0xfd3 bin/freertos/queue.o
 .debug_line    0x00002b6f     0x16cb bin/freertos/tasks.o
 .debug_line    0x0000423a      0x3eb bin/freertos/portable/GCC/ARM_CM3/port.o
 .debug_line    0x00004625      0x583 bin/freertos/heap_4.o
 .debug_line    0x00004ba8      0x463 third_party/libopencm3/lib/libopencm3_stm32f1.a(adc.o)
 .debug_line    0x0000500b      0x76e third_party/libopencm3/lib/libopencm3_stm32f1.a(adc_common_v1.o)
 .debug_line    0x00005779      0x30c third_party/libopencm3/lib/libopencm3_stm32f1.a(exti_common_all.o)
 .debug_line    0x00005a85      0x293 third_party/libopencm3/lib/libopencm3_stm32f1.a(gpio.o)
 .debug_line    0x00005d18      0x27b third_party/libopencm3/lib/libopencm3_stm32f1.a(gpio_common_all.o)
 .debug_line    0x00005f93      0xc28 third_party/libopencm3/lib/libopencm3_stm32f1.a(rcc.o)
 .debug_line    0x00006bbb      0x322 third_party/libopencm3/lib/libopencm3_stm32f1.a(rcc_common_all.o)
 .debug_line    0x00006edd      0xf61 third_party/libopencm3/lib/libopencm3_stm32f1.a(timer_common_all.o)
 .debug_line    0x00007e3e      0x545 third_party/libopencm3/lib/libopencm3_stm32f1.a(usart_common_all.o)
 .debug_line    0x00008383      0x262 third_party/libopencm3/lib/libopencm3_stm32f1.a(usart_common_f124.o)
 .debug_line    0x000085e5      0x2ad third_party/libopencm3/lib/libopencm3_stm32f1.a(vector.o)
 .debug_line    0x00008892      0x2a3 third_party/libopencm3/lib/libopencm3_stm32f1.a(nvic.o)
 .debug_line    0x00008b35      0x22c third_party/libopencm3/lib/libopencm3_stm32f1.a(flash_common_all.o)
 .debug_line    0x00008d61       0xf4 /usr/lib/gcc/arm-none-eabi/13.2.1/../../../arm-none-eabi/lib/thumb/v7-m/nofp/libc_nano.a(libc_a-strlen-stub.o)
 .debug_line    0x00008e55      0x1b1 /usr/lib/gcc/arm-none-eabi/13.2.1/../../../arm-none-eabi/lib/thumb/v7-m/nofp/libc_nano.a(libc_a-memset.o)
 .debug_line    0x00009006       0xbd /usr/lib/gcc/arm-none-eabi/13.2.1/../../../arm-none-eabi/lib/thumb/v7-m/nofp/libc_nano.a(libc_a-memcpy.o)
 .debug_line    0x000090c3      0x1ea /usr/lib/gcc/arm-none-eabi/13.2.1/../../../arm-none-eabi/lib/thumb/v7-m/nofp/libc_nano.a(libc_a-strncmp.o)
 .debug_line    0x000092ad       0xdd /usr/lib/gcc/arm-none-eabi/13.2.1/../../../arm-none-eabi/lib/thumb/v7-m/nofp/libc_nano.a(libc_a-strcmp.o)
 .debug_line    0x0000938a      0x356 /usr/lib/gcc/arm-none-eabi/13.2.1/../../../arm-none-eabi/lib/thumb/v7-m/nofp/libc_nano.a(libc_a-snprintf.o)
 .debug_line    0x000096e0       0xe7 /usr/lib/gcc/arm-none-eabi/13.2.1/../../../arm-none-eabi/lib/thumb/v7-m/nofp/libc_nano.a(libc_a-impure.o)
 .debug_line    0x000097c7      0x862 /usr/lib/gcc/arm-none-eabi/13.2.1/../../../arm-none-eabi/lib/thumb/v7-m/nofp/libc_nano.a(libc_a-nano-svfprintf.o)
 .debug_line    0x0000a029      0x45c /usr/lib/gcc/arm-none-eabi/13.2.1/../../../arm-none-eabi/lib/thumb/v7-m/nofp/libc_nano.a(libc_a-mallocr.o)
 .debug_line    0x0000a485      0x2c8 /usr/lib/gcc/arm-none-eabi/13.2.1/../../../arm-none-eabi/lib/thumb/v7-m/nofp/libc_nano.a(libc_a-freer.o)
 .debug_line    0x0000a74d      0x20d /usr/lib/gcc/arm-none-eabi/13.2.1/../../../arm-none-eabi/lib/thumb/v7-m/nofp/libc_nano.a(libc_a-memmove.o)
 .debug_line    0x0000a95a      0x1fa /usr/lib/gcc/arm-none-eabi/13.2.1/../../../arm-none-eabi/lib/thumb/v7-m/nofp/libc_nano.a(libc_a-reallocr.o)
 .debug_line    0x0000ab54      0x770 /usr/lib/gcc/arm-none-eabi/13.2.1/../../../arm-none-eabi/lib/thumb/v7-m/nofp/libc_nano.a(libc_a-nano-vfprintf_i.o)
 .debug_line    0x0000b2c4      0x153 /usr/lib/gcc/arm-none-eabi/13.2.1/../../../arm-none-eabi/lib/thumb/v7-m/nofp/libc_nano.a(libc_a-mlock.o)
 .debug_line    0x0000b417      0x200 /usr/lib/gcc/arm-none-eabi/13.2.1/../../../arm-none-eabi/lib/thumb/v7-m/nofp/libc_nano.a(libc_a-memchr-stub.o)
 .debug_line    0x0000b617      0x196 /usr/lib/gcc/arm-none-eabi/13.2.1/../../../arm-none-eabi/lib/thumb/v7-m/nofp/libc_nano.a(libc_a-sbrkr.o)
 .debug_line    0x0000b7ad      0x176 /usr/lib/gcc/arm-none-eabi/13.2.1/../../../arm-none-eabi/lib/thumb/v7-m/nofp/libc_nano.a(libc_a-msizer.o)
 .debug_line    0x0000b923      0x27b /usr/lib/gcc/arm-none-eabi/13.2.1/../../../arm-none-eabi/lib/thumb/v7-m/nofp/libc_nano.a(libc_a-reent.o)
 .debug_line    0x0000bb9e       0x76 /usr/lib/gcc/arm-none-eabi/13.2.1/../../../arm-none-eabi/lib/thumb/v7-m/nofp/libnosys.a(sbrk.o)

.debug_str      0x00000000    0x1a13d
 .debug_str     0x00000000    0x1a13d bin/main.o
                                0x2f8 (size before relaxing)
 .debug_str     0x0001a13d      0x3a6 bin/platform/system_init.o
 .debug_str     0x0001a13d      0x6d9 bin/drivers/uart_comm.o
 .debug_str     0x0001a13d      0x9bb bin/drivers/board_io.o
 .debug_str     0x0001a13d      0x466 bin/protocol/protocol.o
 .debug_str     0x0001a13d      0x4d8 bin/protocol/parser.o
 .debug_str     0x0001a13d      0x3ff bin/app/command_box.o
 .debug_str     0x0001a13d      0x2da bin/app/signals.o
 .debug_str     0x0001a13d      0x8c0 bin/app/tasks.o
 .debug_str     0x0001a13d      0x2ab bin/freertos/list.o
 .debug_str     0x0001a13d      0xa77 bin/freertos/queue.o
 .debug_str     0x0001a13d     0x102e bin/freertos/tasks.o
 .debug_str     0x0001a13d      0x426 bin/freertos/portable/GCC/ARM_CM3/port.o
 .debug_str     0x0001a13d      0x4e4 bin/freertos/heap_4.o
 .debug_str     0x0001a13d     0x70e6 third_party/libopencm3/lib/libopencm3_stm32f1.a(adc.o)
 .debug_str     0x0001a13d     0x742c third_party/libopencm3/lib/libopencm3_stm32f1.a(adc_common_v1.o)
 .debug_str     0x0001a13d     0x8713 third_party/libopencm3/lib/libopencm3_stm32f1.a(exti_common_all.o)
 .debug_str     0x0001a13d     0x82df third_party/libopencm3/lib/libopencm3_stm32f1.a(gpio.o)
 .debug_str     0x0001a13d     0x82dd third_party/libopencm3/lib/libopencm3_stm32f1.a(gpio_common_all.o)
 .debug_str     0x0001a13d     0x7f3f third_party/libopencm3/lib/libopencm3_stm32f1.a(rcc.o)
 .debug_str     0x0001a13d     0x7642 third_party/libopencm3/lib/libopencm3_stm32f1.a(rcc_common_all.o)
 .debug_str     0x0001a13d     0xbbe9 third_party/libopencm3/lib/libopencm3_stm32f1.a(timer_common_all.o)
 .debug_str     0x0001a13d     0x8295 third_party/libopencm3/lib/libopencm3_stm32f1.a(usart_common_all.o)
 .debug_str     0x0001a13d     0x8001 third_party/libopencm3/lib/libopencm3_stm32f1.a(usart_common_f124.o)
 .debug_str     0x0001a13d     0x632e third_party/libopencm3/lib/libopencm3_stm32f1.a(vector.o)
 .debug_str     0x0001a13d     0x58fb third_party/libopencm3/lib/libopencm3_stm32f1.a(nvic.o)
 .debug_str     0x0001a13d     0x522d third_party/libopencm3/lib/libopencm3_stm32f1.a(flash_common_all.o)
 .debug_str     0x0001a13d      0x19b /usr/lib/gcc/arm-none-eabi/13.2.1/../../../arm-none-eabi/lib/thumb/v7-m/nofp/libc_nano.a(libc_a-strlen-stub.o)
 .debug_str     0x0001a13d      0x1a5 /usr/lib/gcc/arm-none-eabi/13.2.1/../../../arm-none-eabi/lib/thumb/v7-m/nofp/libc_nano.a(libc_a-memset.o)
 .debug_str     0x0001a13d       0xa8 /usr/lib/gcc/arm-none-eabi/13.2.1/../../../arm-none-eabi/lib/thumb/v7-m/nofp/libc_nano.a(libc_a-memcpy.o)
 .debug_str     0x0001a13d      0x193 /usr/lib/gcc/arm-none-eabi/13.2.1/../../../arm-none-eabi/lib/thumb/v7-m/nofp/libc_nano.a(libc_a-strncmp.o)
 .debug_str     0x0001a13d       0xa8 /usr/lib/gcc/arm-none-eabi/13.2.1/../../../arm-none-eabi/lib/thumb/v7-m/nofp/libc_nano.a(libc_a-strcmp.o)
 .debug_str     0x0001a13d      0x502 /usr/lib/gcc/arm-none-eabi/13.2.1/../../../arm-none-eabi/lib/thumb/v7-m/nofp/libc_nano.a(libc_a-snprintf.o)
 .debug_str     0x0001a13d      0x4b4 /usr/lib/gcc/arm-none-eabi/13.2.1/../../../arm-none-eabi/lib/thumb/v7-m/nofp/libc_nano.a(libc_a-impure.o)
 .debug_str     0x0001a13d      0x7fd /usr/lib/gcc/arm-none-eabi/13.2.1/../../../arm-none-eabi/lib/thumb/v7-m/nofp/libc_nano.a(libc_a-nano-svfprintf.o)
 .debug_str     0x0001a13d      0x595 /usr/lib/gcc/arm-none-eabi/13.2.1/../../../arm-none-eabi/lib/thumb/v7-m/nofp/libc_nano.a(libc_a-mallocr.o)
 .debug_str     0x0001a13d      0x534 /usr/lib/gcc/arm-none-eabi/13.2.1/../../../arm-none-eabi/lib/thumb/v7-m/nofp/libc_nano.a(libc_a-freer.o)
 .debug_str     0x0001a13d      0x1c4 /usr/lib/gcc/arm-none-eabi/13.2.1/../../../arm-none-eabi/lib/thumb/v7-m/nofp/libc_nano.a(libc_a-memmove.o)
 .debug_str     0x0001a13d      0x52a /usr/lib/gcc/arm-none-eabi/13.2.1/../../../arm-none-eabi/lib/thumb/v7-m/nofp/libc_nano.a(libc_a-reallocr.o)
 .debug_str     0x0001a13d      0x793 /usr/lib/gcc/arm-none-eabi/13.2.1/../../../arm-none-eabi/lib/thumb/v7-m/nofp/libc_nano.a(libc_a-nano-vfprintf_i.o)
 .debug_str     0x0001a13d      0x4d2 /usr/lib/gcc/arm-none-eabi/13.2.1/../../../arm-none-eabi/lib/thumb/v7-m/nofp/libc_nano.a(libc_a-mlock.o)
 .debug_str     0x0001a13d      0x1b5 /usr/lib/gcc/arm-none-eabi/13.2.1/../../../arm-none-eabi/lib/thumb/v7-m/nofp/libc_nano.a(libc_a-memchr-stub.o)
 .debug_str     0x0001a13d      0x4bd /usr/lib/gcc/arm-none-eabi/13.2.1/../../../arm-none-eabi/lib/thumb/v7-m/nofp/libc_nano.a(libc_a-sbrkr.o)
 .debug_str     0x0001a13d      0x4fd /usr/lib/gcc/arm-none-eabi/13.2.1/../../../arm-none-eabi/lib/thumb/v7-m/nofp/libc_nano.a(libc_a-msizer.o)
 .debug_str     0x0001a13d      0x4d3 /usr/lib/gcc/arm-none-eabi/13.2.1/../../../arm-none-eabi/lib/thumb/v7-m/nofp/libc_nano.a(libc_a-reent.o)
 .debug_str     0x0001a13d      0x115 /usr/lib/gcc/arm-none-eabi/13.2.1/../../../arm-none-eabi/lib/thumb/v7-m/nofp/libnosys.a(sbrk.o)

.comment        0x00000000       0x26
 .comment       0x00000000       0x26 bin/main.o
                                 0x27 (size before relaxing)
 .comment       0x00000026       0x27 bin/platform/system_init.o
 .comment       0x00000026       0x27 bin/drivers/uart_comm.o
 .comment       0x00000026       0x27 bin/drivers/board_io.o
 .comment       0x00000026       0x27 bin/protocol/protocol.o
 .comment       0x00000026       0x27 bin/protocol/parser.o
 .comment       0x00000026       0x27 bin/app/command_box.o
 .comment       0x00000026       0x27 bin/app/signals.o
 .comment       0x00000026       0x27 bin/app/tasks.o
 .comment       0x00000026       0x27 bin/freertos/list.o
 .comment       0x00000026       0x27 bin/freertos/queue.o
 .comment       0x00000026       0x27 bin/freertos/tasks.o
 .comment       0x00000026       0x27 bin/freertos/portable/GCC/ARM_CM3/port.o
 .comment       0x00000026       0x27 bin/freertos/heap_4.o
 .comment       0x00000026       0x27 third_party/libopencm3/lib/libopencm3_stm32f1.a(adc.o)
 .comment       0x00000026       0x27 third_party/libopencm3/lib/libopencm3_stm32f1.a(adc_common_v1.o)
 .comment       0x00000026       0x27 third_party/libopencm3/lib/libopencm3_stm32f1.a(exti_common_all.o)
 .comment       0x00000026       0x27 third_party/libopencm3/lib/libopencm3_stm32f1.a(gpio.o)
 .comment       0x00000026       0x27 third_party/libopencm3/lib/libopencm3_stm32f1.a(gpio_common_all.o)
 .comment       0x00000026       0x27 third_party/libopencm3/lib/libopencm3_stm32f1.a(rcc.o)
 .comment       0x00000026       0x27 third_party/libopencm3/lib/libopencm3_stm32f1.a(rcc_common_all.o)
 .comment       0x00000026       0x27 third_party/libopencm3/lib/libopencm3_stm32f1.a(timer_common_all.o)
 .comment       0x00000026       0x27 third_party/libopencm3/lib/libopencm3_stm32f1.a(usart_common_all.o)
 .comment       0x00000026       0x27 third_party/libopencm3/lib/libopencm3_stm32f1.a(usart_common_f124.o)
 .comment       0x00000026       0x27 third_party/libopencm3/lib/libopencm3_stm32f1.a(vector.o)
 .comment       0x00000026       0x27 third_party/libopencm3/lib/libopencm3_stm32f1.a(nvic.o)
 .comment       0x00000026       0x27 third_party/libopencm3/lib/libopencm3_stm32f1.a(flash_common_all.o)
 .comment       0x00000026       0x27 /usr/lib/gcc/arm-none-eabi/13.2.1/../../../arm-none-eabi/lib/thumb/v7-m/nofp/libc_nano.a(libc_a-strlen-stub.o)
 .comment       0x00000026       0x27 /usr/lib/gcc/arm-none-eabi/13.2.1/../../../arm-none-eabi/lib/thumb/v7-m/nofp/libc_nano.a(libc_a-memset.o)
 .comment       0x00000026       0x27 /usr/lib/gcc/arm-none-eabi/13.2.1/../../../arm-none-eabi/lib/thumb/v7-m/nofp/libc_nano.a(libc_a-strncmp.o)
 .comment       0x00000026       0x27 /usr/lib/gcc/arm-none-eabi/13.2.1/../../../arm-none-eabi/lib/thumb/v7-m/nofp/libc_nano.a(libc_a-snprintf.o)
 .comment       0x00000026       0x27 /usr/lib/gcc/arm-none-eabi/13.2.1/../../../arm-none-eabi/lib/thumb/v7-m/nofp/libc_nano.a(libc_a-impure.o)
 .comment       0x00000026       0x27 /usr/lib/gcc/arm-none-eabi/13.2.1/../../../arm-none-eabi/lib/thumb/v7-m/nofp/libc_nano.a(libc_a-nano-svfprintf.o)
 .comment       0x00000026       0x27 /usr/lib/gcc/arm-none-eabi/13.2.1/../../../arm-none-eabi/lib/thumb/v7-m/nofp/libc_nano.a(libc_a-mallocr.o)
 .comment       0x00000026       0x27 /usr/lib/gcc/arm-none-eabi/13.2.1/../../../arm-none-eabi/lib/thumb/v7-m/nofp/libc_nano.a(libc_a-freer.o)
 .comment       0x00000026       0x27 /usr/lib/gcc/arm-none-eabi/13.2.1/../../../arm-none-eabi/lib/thumb/v7-m/nofp/libc_nano.a(libc_a-memmove.o)
 .comment       0x00000026       0x27 /usr/lib/gcc/arm-none-eabi/13.2.1/../../../arm-none-eabi/lib/thumb/v7-m/nofp/libc_nano.a(libc_a-reallocr.o)
 .comment       0x00000026       0x27 /usr/lib/gcc/arm-none-eabi/13.2.1/../../../arm-none-eabi/lib/thumb/v7-m/nofp/libc_nano.a(libc_a-nano-vfprintf_i.o)
 .comment       0x00000026       0x27 /usr/lib/gcc/arm-none-eabi/13.2.1/../../../arm-none-eabi/lib/thumb/v7-m/nofp/libc_nano.a(libc_a-mlock.o)
 .comment       0x00000026       0x27 /usr/lib/gcc/arm-none-eabi/13.2.1/../../../arm-none-eabi/lib/thumb/v7-m/nofp/libc_nano.a(libc_a-memchr-stub.o)
 .comment       0x00000026       0x27 /usr/lib/gcc/arm-none-eabi/13.2.1/../../../arm-none-eabi/lib/thumb/v7-m/nofp/libc_nano.a(libc_a-sbrkr.o)
 .comment       0x00000026       0x27 /usr/lib/gcc/arm-none-eabi/13.2.1/../../../arm-none-eabi/lib/thumb/v7-m/nofp/libc_nano.a(libc_a-msizer.o)
 .comment       0x00000026       0x27 /usr/lib/gcc/arm-none-eabi/13.2.1/../../../arm-none-eabi/lib/thumb/v7-m/nofp/libc_nano.a(libc_a-reent.o)
 .comment       0x00000026       0x27 /usr/lib/gcc/arm-none-eabi/13.2.1/../../../arm-none-eabi/lib/thumb/v7-m/nofp/libnosys.a(sbrk.o)

.ARM.attributes
                0x00000000       0x2b
 .ARM.attributes
                0x00000000       0x2d bin/main.o
 .ARM.attributes
                0x0000002d       0x2d bin/platform/system_init.o
 .ARM.attributes
                0x0000005a       0x2d bin/drivers/uart_comm.o
 .ARM.attributes
                0x00000087       0x2d bin/drivers/board_io.o
 .ARM.attributes
                0x000000b4       0x2d bin/protocol/protocol.o
 .ARM.attributes
                0x000000e1       0x2d bin/protocol/parser.o
 .ARM.attributes
                0x0000010e       0x2d bin/app/command_box.o
 .ARM.attributes
                0x0000013b       0x2d bin/app/signals.o
 .ARM.attributes
                0x00000168       0x2d bin/app/tasks.o
 .ARM.attributes
                0x00000195       0x2d bin/freertos/list.o
 .ARM.attributes
                0x000001c2       0x2d bin/freertos/queue.o
 .ARM.attributes
                0x000001ef       0x2d bin/freertos/tasks.o
 .ARM.attributes
                0x0000021c       0x2d bin/freertos/portable/GCC/ARM_CM3/port.o
 .ARM.attributes
                0x00000249       0x2d bin/freertos/heap_4.o
 .ARM.attributes
                0x00000276       0x2d third_party/libopencm3/lib/libopencm3_stm32f1.a(adc.o)
 .ARM.attributes
                0x000002a3       0x2d third_party/libopencm3/lib/libopencm3_stm32f1.a(adc_common_v1.o)
 .ARM.attributes
                0x000002d0       0x2d third_party/libopencm3/lib/libopencm3_stm32f1.a(exti_common_all.o)
 .ARM.attributes
                0x000002fd       0x2d third_party/libopencm3/lib/libopencm3_stm32f1.a(gpio.o)
 .ARM.attributes
                0x0000032a       0x2d third_party/libopencm3/lib/libopencm3_stm32f1.a(gpio_common_all.o)
 .ARM.attributes
                0x00000357       0x2d third_party/libopencm3/lib/libopencm3_stm32f1.a(rcc.o)
 .ARM.attributes
                0x00000384       0x2d third_party/libopencm3/lib/libopencm3_stm32f1.a(rcc_common_all.o)
 .ARM.attributes
                0x000003b1       0x2d third_party/libopencm3/lib/libopencm3_stm32f1.a(timer_common_all.o)
 .ARM.attributes
                0x000003de       0x2d third_party/libopencm3/lib/libopencm3_stm32f1.a(usart_common_all.o)
 .ARM.attributes
                0x0000040b       0x2d third_party/libopencm3/lib/libopencm3_stm32f1.a(usart_common_f124.o)
 .ARM.attributes
                0x00000438       0x2d third_party/libopencm3/lib/libopencm3_stm32f1.a(vector.o)
 .ARM.attributes
                0x00000465       0x2d third_party/libopencm3/lib/libopencm3_stm32f1.a(nvic.o)
 .ARM.attributes
                0x00000492       0x2d third_party/libopencm3/lib/libopencm3_stm32f1.a(flash_common_all.o)
 .ARM.attributes
                0x000004bf       0x2d /usr/lib/gcc/arm-none-eabi/13.2.1/../../../arm-none-eabi/lib/thumb/v7-m/nofp/libc_nano.a(libc_a-strlen-stub.o)
 .ARM.attributes
                0x000004ec       0x2d /usr/lib/gcc/arm-none-eabi/13.2.1/../../../arm-none-eabi/lib/thumb/v7-m/nofp/libc_nano.a(libc_a-memset.o)
 .ARM.attributes
                0x00000519       0x1b /usr/lib/gcc/arm-none-eabi/13.2.1/../../../arm-none-eabi/lib/thumb/v7-m/nofp/libc_nano.a(libc_a-memcpy.o)
 .ARM.attributes
                0x00000534       0x2d /usr/lib/gcc/arm-none-eabi/13.2.1/../../../arm-none-eabi/lib/thumb/v7-m/nofp/libc_nano.a(libc_a-strncmp.o)
 .ARM.attributes
                0x00000561       0x1b /usr/lib/gcc/arm-none-eabi/13.2.1/../../../arm-none-eabi/lib/thumb/v7-m/nofp/libc_nano.a(libc_a-strcmp.o)
 .ARM.attributes
                0x0000057c       0x2d /usr/lib/gcc/arm-none-eabi/13.2.1/../../../arm-none-eabi/lib/thumb/v7-m/nofp/libc_nano.a(libc_a-snprintf.o)
 .ARM.attributes
                0x000005a9       0x2d /usr/lib/gcc/arm-none-eabi/13.2.1/../../../arm-none-eabi/lib/thumb/v7-m/nofp/libc_nano.a(libc_a-impure.o)
 .ARM.attributes
                0x000005d6       0x2d /usr/lib/gcc/arm-none-eabi/13.2.1/../../../arm-none-eabi/lib/thumb/v7-m/nofp/libc_nano.a(libc_a-nano-svfprintf.o)
 .ARM.attributes
                0x00000603       0x2d /usr/lib/gcc/arm-none-eabi/13.2.1/../../../arm-none-eabi/lib/thumb/v7-m/nofp/libc_nano.a(libc_a-mallocr.o)
 .ARM.attributes
                0x00000630       0x2d /usr/lib/gcc/arm-none-eabi/13.2.1/../../../arm-none-eabi/lib/thumb/v7-m/nofp/libc_nano.a(libc_a-freer.o)
 .ARM.attributes
                0x0000065d       0x2d /usr/lib/gcc/arm-none-eabi/13.2.1/../../../arm-none-eabi/lib/thumb/v7-m/nofp/libc_nano.a(libc_a-memmove.o)
 .ARM.attributes
                0x0000068a       0x2d /usr/lib/gcc/arm-none-eabi/13.2.1/../../../arm-none-eabi/lib/thumb/v7-m/nofp/libc_nano.a(libc_a-reallocr.o)
 .ARM.attributes
                0x000006b7       0x2d /usr/lib/gcc/arm-none-eabi/13.2.1/../../../arm-none-eabi/lib/thumb/v7-m/nofp/libc_nano.a(libc_a-nano-vfprintf_i.o)
 .ARM.attributes
                0x000006e4       0x2d /usr/lib/gcc/arm-none-eabi/13.2.1/../../../arm-none-eabi/lib/thumb/v7-m/nofp/libc_nano.a(libc_a-mlock.o)
 .ARM.attributes
                0x00000711       0x2d /usr/lib/gcc/arm-none-eabi/13.2.1/../../../arm-none-eabi/lib/thumb/v7-m/nofp/libc_nano.a(libc_a-memchr-stub.o)
 .ARM.attributes
                0x0000073e       0x2d /usr/lib/gcc/arm-none-eabi/13.2.1/../../../arm-none-eabi/lib/thumb/v7-m/nofp/libc_nano.a(libc_a-sbrkr.o)
 .ARM.attributes
                0x0000076b       0x2d /usr/lib/gcc/arm-none-eabi/13.2.1/../../../arm-none-eabi/lib/thumb/v7-m/nofp/libc_nano.a(libc_a-msizer.o)
 .ARM.attributes
                0x00000798       0x2d /usr/lib/gcc/arm-none-eabi/13.2.1/../../../arm-none-eabi/lib/thumb/v7-m/nofp/libc_nano.a(libc_a-reent.o)
 .ARM.attributes
                0x000007c5       0x2d /usr/lib/gcc/arm-none-eabi/13.2.1/../../../arm-none-eabi/lib/thumb/v7-m/nofp/libnosys.a(sbrk.o)

.debug_frame    0x00000000     0x3018
 .debug_frame   0x00000000       0x2c bin/main.o
 .debug_frame   0x0000002c       0x2c bin/platform/system_init.o
 .debug_frame   0x00000058       0xdc bin/drivers/uart_comm.o
 .debug_frame   0x00000134      0x1d0 bin/drivers/board_io.o
 .debug_frame   0x00000304      0x200 bin/protocol/protocol.o
 .debug_frame   0x00000504      0x11c bin/protocol/parser.o
 .debug_frame   0x00000620      0x140 bin/app/command_box.o
 .debug_frame   0x00000760       0xa4 bin/app/signals.o
 .debug_frame   0x00000804      0x120 bin/app/tasks.o
 .debug_frame   0x00000924       0xd8 bin/freertos/list.o
 .debug_frame   0x000009fc      0x494 bin/freertos/queue.o
 .debug_frame   0x00000e90      0x860 bin/freertos/tasks.o
 .debug_frame   0x000016f0      0x198 bin/freertos/portable/GCC/ARM_CM3/port.o
 .debug_frame   0x00001888      0x174 bin/freertos/heap_4.o
 .debug_frame   0x000019fc      0x128 third_party/libopencm3/lib/libopencm3_stm32f1.a(adc.o)
 .debug_frame   0x00001b24      0x2b4 third_party/libopencm3/lib/libopencm3_stm32f1.a(adc_common_v1.o)
 .debug_frame   0x00001dd8       0x88 third_party/libopencm3/lib/libopencm3_stm32f1.a(exti_common_all.o)
 .debug_frame   0x00001e60       0x60 third_party/libopencm3/lib/libopencm3_stm32f1.a(gpio.o)
 .debug_frame   0x00001ec0       0x80 third_party/libopencm3/lib/libopencm3_stm32f1.a(gpio_common_all.o)
 .debug_frame   0x00001f40      0x318 third_party/libopencm3/lib/libopencm3_stm32f1.a(rcc.o)
 .debug_frame   0x00002258       0xe0 third_party/libopencm3/lib/libopencm3_stm32f1.a(rcc_common_all.o)
 .debug_frame   0x00002338      0x4d8 third_party/libopencm3/lib/libopencm3_stm32f1.a(timer_common_all.o)
 .debug_frame   0x00002810      0x1ec third_party/libopencm3/lib/libopencm3_stm32f1.a(usart_common_all.o)
 .debug_frame   0x000029fc       0x60 third_party/libopencm3/lib/libopencm3_stm32f1.a(usart_common_f124.o)
 .debug_frame   0x00002a5c       0x4c third_party/libopencm3/lib/libopencm3_stm32f1.a(vector.o)
 .debug_frame   0x00002aa8       0xa0 third_party/libopencm3/lib/libopencm3_stm32f1.a(nvic.o)
 .debug_frame   0x00002b48       0x50 third_party/libopencm3/lib/libopencm3_stm32f1.a(flash_common_all.o)
 .debug_frame   0x00002b98       0x20 /usr/lib/gcc/arm-none-eabi/13.2.1/../../../arm-none-eabi/lib/thumb/v7-m/nofp/libc_nano.a(libc_a-strlen-stub.o)
 .debug_frame   0x00002bb8       0x2c /usr/lib/gcc/arm-none-eabi/13.2.1/../../../arm-none-eabi/lib/thumb/v7-m/nofp/libc_nano.a(libc_a-memset.o)
 .debug_frame   0x00002be4       0x38 /usr/lib/gcc/arm-none-eabi/13.2.1/../../../arm-none-eabi/lib/thumb/v7-m/nofp/libc_nano.a(libc_a-strncmp.o)
 .debug_frame   0x00002c1c       0x3c /usr/lib/gcc/arm-none-eabi/13.2.1/../../../arm-none-eabi/lib/thumb/v7-m/nofp/libc_nano.a(libc_a-strcmp.o)
 .debug_frame   0x00002c58       0x94 /usr/lib/gcc/arm-none-eabi/13.2.1/../../../arm-none-eabi/lib/thumb/v7-m/nofp/libc_nano.a(libc_a-snprintf.o)
 .debug_frame   0x00002cec       0x98 /usr/lib/gcc/arm-none-eabi/13.2.1/../../../arm-none-eabi/lib/thumb/v7-m/nofp/libc_nano.a(libc_a-nano-svfprintf.o)
 .debug_frame   0x00002d84       0x50 /usr/lib/gcc/arm-none-eabi/13.2.1/../../../arm-none-eabi/lib/thumb/v7-m/nofp/libc_nano.a(libc_a-mallocr.o)
 .debug_frame   0x00002dd4       0x58 /usr/lib/gcc/arm-none-eabi/13.2.1/../../../arm-none-eabi/lib/thumb/v7-m/nofp/libc_nano.a(libc_a-freer.o)
 .debug_frame   0x00002e2c       0x40 /usr/lib/gcc/arm-none-eabi/13.2.1/../../../arm-none-eabi/lib/thumb/v7-m/nofp/libc_nano.a(libc_a-memmove.o)
 .debug_frame   0x00002e6c       0x38 /usr/lib/gcc/arm-none-eabi/13.2.1/../../../arm-none-eabi/lib/thumb/v7-m/nofp/libc_nano.a(libc_a-reallocr.o)
 .debug_frame   0x00002ea4       0x6c /usr/lib/gcc/arm-none-eabi/13.2.1/../../../arm-none-eabi/lib/thumb/v7-m/nofp/libc_nano.a(libc_a-nano-vfprintf_i.o)
 .debug_frame   0x00002f10       0x30 /usr/lib/gcc/arm-none-eabi/13.2.1/../../../arm-none-eabi/lib/thumb/v7-m/nofp/libc_nano.a(libc_a-mlock.o)
 .debug_frame   0x00002f40       0x2c /usr/lib/gcc/arm-none-eabi/13.2.1/../../../arm-none-eabi/lib/thumb/v7-m/nofp/libc_nano.a(libc_a-memchr-stub.o)
 .debug_frame   0x00002f6c       0x2c /usr/lib/gcc/arm-none-eabi/13.2.1/../../../arm-none-eabi/lib/thumb/v7-m/nofp/libc_nano.a(libc_a-sbrkr.o)
 .debug_frame   0x00002f98       0x20 /usr/lib/gcc/arm-none-eabi/13.2.1/../../../arm-none-eabi/lib/thumb/v7-m/nofp/libc_nano.a(libc_a-msizer.o)
 .debug_frame   0x00002fb8       0x40 /usr/lib/gcc/arm-none-eabi/13.2.1/../../../arm-none-eabi/lib/thumb/v7-m/nofp/libc_nano.a(libc_a-reent.o)
 .debug_frame   0x00002ff8       0x20 /usr/lib/gcc/arm-none-eabi/13.2.1/../../../arm-none-eabi/lib/thumb/v7-m/nofp/libnosys.a(sbrk.o)

.debug_loclists
                0x00000000     0x281c
 .debug_loclists
                0x00000000      0x164 third_party/libopencm3/lib/libopencm3_stm32f1.a(adc.o)
 .debug_loclists
                0x00000164      0x325 third_party/libopencm3/lib/libopencm3_stm32f1.a(adc_common_v1.o)
 .debug_loclists
                0x00000489       0xa0 third_party/libopencm3/lib/libopencm3_stm32f1.a(exti_common_all.o)
 .debug_loclists
                0x00000529       0xd5 third_party/libopencm3/lib/libopencm3_stm32f1.a(gpio.o)
 .debug_loclists
                0x000005fe       0x96 third_party/libopencm3/lib/libopencm3_stm32f1.a(gpio_common_all.o)
 .debug_loclists
                0x00000694      0x2cb third_party/libopencm3/lib/libopencm3_stm32f1.a(rcc.o)
 .debug_loclists
                0x0000095f       0x87 third_party/libopencm3/lib/libopencm3_stm32f1.a(rcc_common_all.o)
 .debug_loclists
                0x000009e6      0x1d5 third_party/libopencm3/lib/libopencm3_stm32f1.a(timer_common_all.o)
 .debug_loclists
                0x00000bbb      0x18e third_party/libopencm3/lib/libopencm3_stm32f1.a(usart_common_all.o)
 .debug_loclists
                0x00000d49       0x79 third_party/libopencm3/lib/libopencm3_stm32f1.a(usart_common_f124.o)
 .debug_loclists
                0x00000dc2       0xb6 third_party/libopencm3/lib/libopencm3_stm32f1.a(vector.o)
 .debug_loclists
                0x00000e78      0x111 third_party/libopencm3/lib/libopencm3_stm32f1.a(nvic.o)
 .debug_loclists
                0x00000f89       0x17 third_party/libopencm3/lib/libopencm3_stm32f1.a(flash_common_all.o)
 .debug_loclists
                0x00000fa0       0x29 /usr/lib/gcc/arm-none-eabi/13.2.1/../../../arm-none-eabi/lib/thumb/v7-m/nofp/libc_nano.a(libc_a-strlen-stub.o)
 .debug_loclists
                0x00000fc9      0x1d7 /usr/lib/gcc/arm-none-eabi/13.2.1/../../../arm-none-eabi/lib/thumb/v7-m/nofp/libc_nano.a(libc_a-memset.o)
 .debug_loclists
                0x000011a0      0x139 /usr/lib/gcc/arm-none-eabi/13.2.1/../../../arm-none-eabi/lib/thumb/v7-m/nofp/libc_nano.a(libc_a-strncmp.o)
 .debug_loclists
                0x000012d9      0x214 /usr/lib/gcc/arm-none-eabi/13.2.1/../../../arm-none-eabi/lib/thumb/v7-m/nofp/libc_nano.a(libc_a-snprintf.o)
 .debug_loclists
                0x000014ed      0x531 /usr/lib/gcc/arm-none-eabi/13.2.1/../../../arm-none-eabi/lib/thumb/v7-m/nofp/libc_nano.a(libc_a-nano-svfprintf.o)
 .debug_loclists
                0x00001a1e      0x273 /usr/lib/gcc/arm-none-eabi/13.2.1/../../../arm-none-eabi/lib/thumb/v7-m/nofp/libc_nano.a(libc_a-mallocr.o)
 .debug_loclists
                0x00001c91      0x164 /usr/lib/gcc/arm-none-eabi/13.2.1/../../../arm-none-eabi/lib/thumb/v7-m/nofp/libc_nano.a(libc_a-freer.o)
 .debug_loclists
                0x00001df5      0x21b /usr/lib/gcc/arm-none-eabi/13.2.1/../../../arm-none-eabi/lib/thumb/v7-m/nofp/libc_nano.a(libc_a-memmove.o)
 .debug_loclists
                0x00002010      0x102 /usr/lib/gcc/arm-none-eabi/13.2.1/../../../arm-none-eabi/lib/thumb/v7-m/nofp/libc_nano.a(libc_a-reallocr.o)
 .debug_loclists
                0x00002112      0x444 /usr/lib/gcc/arm-none-eabi/13.2.1/../../../arm-none-eabi/lib/thumb/v7-m/nofp/libc_nano.a(libc_a-nano-vfprintf_i.o)
 .debug_loclists
                0x00002556      0x172 /usr/lib/gcc/arm-none-eabi/13.2.1/../../../arm-none-eabi/lib/thumb/v7-m/nofp/libc_nano.a(libc_a-memchr-stub.o)
 .debug_loclists
                0x000026c8       0x4b /usr/lib/gcc/arm-none-eabi/13.2.1/../../../arm-none-eabi/lib/thumb/v7-m/nofp/libc_nano.a(libc_a-sbrkr.o)
 .debug_loclists
                0x00002713       0x59 /usr/lib/gcc/arm-none-eabi/13.2.1/../../../arm-none-eabi/lib/thumb/v7-m/nofp/libc_nano.a(libc_a-msizer.o)
 .debug_loclists
                0x0000276c       0x80 /usr/lib/gcc/arm-none-eabi/13.2.1/../../../arm-none-eabi/lib/thumb/v7-m/nofp/libc_nano.a(libc_a-reent.o)
 .debug_loclists
                0x000027ec       0x30 /usr/lib/gcc/arm-none-eabi/13.2.1/../../../arm-none-eabi/lib/thumb/v7-m/nofp/libnosys.a(sbrk.o)

.debug_macro    0x00000000     0x56eb
 .debug_macro   0x00000000       0x6f third_party/libopencm3/lib/libopencm3_stm32f1.a(adc.o)
 .debug_macro   0x0000006f      0xac0 third_party/libopencm3/lib/libopencm3_stm32f1.a(adc.o)
 .debug_macro   0x00000b2f       0x1c third_party/libopencm3/lib/libopencm3_stm32f1.a(adc.o)
 .debug_macro   0x00000b4b      0x34e third_party/libopencm3/lib/libopencm3_stm32f1.a(adc.o)
 .debug_macro   0x00000e99       0x22 third_party/libopencm3/lib/libopencm3_stm32f1.a(adc.o)
 .debug_macro   0x00000ebb       0xe8 third_party/libopencm3/lib/libopencm3_stm32f1.a(adc.o)
 .debug_macro   0x00000fa3       0x76 third_party/libopencm3/lib/libopencm3_stm32f1.a(adc.o)
 .debug_macro   0x00001019      0x1b4 third_party/libopencm3/lib/libopencm3_stm32f1.a(adc.o)
 .debug_macro   0x000011cd      0x449 third_party/libopencm3/lib/libopencm3_stm32f1.a(adc.o)
 .debug_macro   0x00001616      0x456 third_party/libopencm3/lib/libopencm3_stm32f1.a(adc.o)
 .debug_macro   0x00001a6c       0x6f third_party/libopencm3/lib/libopencm3_stm32f1.a(adc_common_v1.o)
 .debug_macro   0x00001adb       0x9b third_party/libopencm3/lib/libopencm3_stm32f1.a(exti_common_all.o)
 .debug_macro   0x00001b76       0xee third_party/libopencm3/lib/libopencm3_stm32f1.a(exti_common_all.o)
 .debug_macro   0x00001c64       0x28 third_party/libopencm3/lib/libopencm3_stm32f1.a(exti_common_all.o)
 .debug_macro   0x00001c8c       0x76 third_party/libopencm3/lib/libopencm3_stm32f1.a(exti_common_all.o)